// Validating benchmarks:
// ***** BenchmarkRunner: Start   *****
// ***** Found 4 benchmark(s) in total *****
// ***** Building 1 exe(s) in Parallel: Start   *****
// start dotnet  restore --nodeReuse:false /p:UseSharedCompilation=false /p:Deterministic=true /p:Optimize=true /p:ArtifactsPath="E:\CSharp\scada\SCADA.Benchmarks\bin\Release\net10.0\SCADA.Benchmarks-Job-CNUJVU-1/" /p:OutDir="E:\CSharp\scada\SCADA.Benchmarks\bin\Release\net10.0\SCADA.Benchmarks-Job-CNUJVU-1\bin\Release\net10.0/" /p:OutputPath="E:\CSharp\scada\SCADA.Benchmarks\bin\Release\net10.0\SCADA.Benchmarks-Job-CNUJVU-1\bin\Release\net10.0/" /p:PublishDir="E:\CSharp\scada\SCADA.Benchmarks\bin\Release\net10.0\SCADA.Benchmarks-Job-CNUJVU-1\publish/" in E:\CSharp\scada\SCADA.Benchmarks\bin\Release\net10.0\SCADA.Benchmarks-Job-CNUJVU-1
// command took 1.48 sec and exited with 0
// start dotnet  build -c Release --no-restore --nodeReuse:false /p:UseSharedCompilation=false /p:Deterministic=true /p:Optimize=true /p:ArtifactsPath="E:\CSharp\scada\SCADA.Benchmarks\bin\Release\net10.0\SCADA.Benchmarks-Job-CNUJVU-1/" /p:OutDir="E:\CSharp\scada\SCADA.Benchmarks\bin\Release\net10.0\SCADA.Benchmarks-Job-CNUJVU-1\bin\Release\net10.0/" /p:OutputPath="E:\CSharp\scada\SCADA.Benchmarks\bin\Release\net10.0\SCADA.Benchmarks-Job-CNUJVU-1\bin\Release\net10.0/" /p:PublishDir="E:\CSharp\scada\SCADA.Benchmarks\bin\Release\net10.0\SCADA.Benchmarks-Job-CNUJVU-1\publish/" --output "E:\CSharp\scada\SCADA.Benchmarks\bin\Release\net10.0\SCADA.Benchmarks-Job-CNUJVU-1\bin\Release\net10.0/" in E:\CSharp\scada\SCADA.Benchmarks\bin\Release\net10.0\SCADA.Benchmarks-Job-CNUJVU-1
// command took 10.95 sec and exited with 0
// ***** Done, took 00:00:12 (12.5 sec)   *****
// Found 4 benchmarks:
//   ContentionBenchmarks.TagTable_Write: Job-CNUJVU(InvocationCount=1, UnrollFactor=1) [Writers=4]
//   ContentionBenchmarks.Bus_Publish: Job-CNUJVU(InvocationCount=1, UnrollFactor=1) [Writers=4]
//   ContentionBenchmarks.TagTable_Write: Job-CNUJVU(InvocationCount=1, UnrollFactor=1) [Writers=8]
//   ContentionBenchmarks.Bus_Publish: Job-CNUJVU(InvocationCount=1, UnrollFactor=1) [Writers=8]

Setup power plan (GUID: 8c5e7fda-e8bf-4a96-9a85-a6e23a8c635c FriendlyName: Высокая производительность)
// **************************
// Benchmark: ContentionBenchmarks.TagTable_Write: Job-CNUJVU(InvocationCount=1, UnrollFactor=1) [Writers=4]
// *** Execute ***
// Launch: 1 / 1
// Execute: dotnet SCADA.Benchmarks-Job-CNUJVU-1.dll --anonymousPipes 2132 2136 --benchmarkName "SCADA.Benchmarks.ContentionBenchmarks.TagTable_Write(Writers: 4)" --job "InvocationCount=1, UnrollFactor=1" --benchmarkId 0 in E:\CSharp\scada\SCADA.Benchmarks\bin\Release\net10.0\SCADA.Benchmarks-Job-CNUJVU-1\bin\Release\net10.0
// BeforeAnythingElse

// Benchmark Process Environment Information:
// BenchmarkDotNet v0.15.8
// Runtime=.NET 10.0.10 (10.0.10, 10.0.1026.32716), X64 RyuJIT x86-64-v3
// GC=Concurrent Workstation
// HardwareIntrinsics=AVX2+BMI1+BMI2+F16C+FMA+LZCNT+MOVBE,AVX,SSE3+SSSE3+SSE4.1+SSE4.2+POPCNT,X86Base+SSE+SSE2,AES+PCLMUL VectorSize=256
// Job: Job-CNUJVU(InvocationCount=1, UnrollFactor=1)

OverheadJitting  1: 400000 op, 193300.00 ns, 0.4833 ns/op
WorkloadJitting  1: 400000 op, 20070800.00 ns, 50.1770 ns/op

OverheadWarmup   1: 400000 op, 400.00 ns, 0.0010 ns/op
OverheadWarmup   2: 400000 op, 100.00 ns, 0.0003 ns/op
OverheadWarmup   3: 400000 op, 200.00 ns, 0.0005 ns/op
OverheadWarmup   4: 400000 op, 200.00 ns, 0.0005 ns/op
OverheadWarmup   5: 400000 op, 200.00 ns, 0.0005 ns/op
OverheadWarmup   6: 400000 op, 200.00 ns, 0.0005 ns/op

OverheadActual   1: 400000 op, 400.00 ns, 0.0010 ns/op
OverheadActual   2: 400000 op, 300.00 ns, 0.0008 ns/op
OverheadActual   3: 400000 op, 1100.00 ns, 0.0028 ns/op
OverheadActual   4: 400000 op, 800.00 ns, 0.0020 ns/op
OverheadActual   5: 400000 op, 600.00 ns, 0.0015 ns/op
OverheadActual   6: 400000 op, 100.00 ns, 0.0003 ns/op
OverheadActual   7: 400000 op, 200.00 ns, 0.0005 ns/op
OverheadActual   8: 400000 op, 200.00 ns, 0.0005 ns/op
OverheadActual   9: 400000 op, 100.00 ns, 0.0003 ns/op
OverheadActual  10: 400000 op, 100.00 ns, 0.0003 ns/op
OverheadActual  11: 400000 op, 200.00 ns, 0.0005 ns/op
OverheadActual  12: 400000 op, 200.00 ns, 0.0005 ns/op
OverheadActual  13: 400000 op, 100.00 ns, 0.0003 ns/op
OverheadActual  14: 400000 op, 100.00 ns, 0.0003 ns/op
OverheadActual  15: 400000 op, 200.00 ns, 0.0005 ns/op
OverheadActual  16: 400000 op, 200.00 ns, 0.0005 ns/op
OverheadActual  17: 400000 op, 200.00 ns, 0.0005 ns/op
OverheadActual  18: 400000 op, 100.00 ns, 0.0003 ns/op
OverheadActual  19: 400000 op, 200.00 ns, 0.0005 ns/op
OverheadActual  20: 400000 op, 100.00 ns, 0.0003 ns/op

WorkloadWarmup   1: 400000 op, 12607000.00 ns, 31.5175 ns/op
WorkloadWarmup   2: 400000 op, 11139300.00 ns, 27.8483 ns/op
WorkloadWarmup   3: 400000 op, 9931600.00 ns, 24.8290 ns/op
WorkloadWarmup   4: 400000 op, 11934600.00 ns, 29.8365 ns/op
WorkloadWarmup   5: 400000 op, 12220700.00 ns, 30.5518 ns/op
WorkloadWarmup   6: 400000 op, 12398800.00 ns, 30.9970 ns/op
WorkloadWarmup   7: 400000 op, 12401100.00 ns, 31.0028 ns/op
WorkloadWarmup   8: 400000 op, 9841900.00 ns, 24.6048 ns/op
WorkloadWarmup   9: 400000 op, 10174800.00 ns, 25.4370 ns/op
WorkloadWarmup  10: 400000 op, 9889100.00 ns, 24.7228 ns/op

// BeforeActualRun
WorkloadActual   1: 400000 op, 12031800.00 ns, 30.0795 ns/op
WorkloadActual   2: 400000 op, 11051900.00 ns, 27.6298 ns/op
WorkloadActual   3: 400000 op, 12552700.00 ns, 31.3818 ns/op
WorkloadActual   4: 400000 op, 12602400.00 ns, 31.5060 ns/op
WorkloadActual   5: 400000 op, 12062400.00 ns, 30.1560 ns/op
WorkloadActual   6: 400000 op, 11405700.00 ns, 28.5143 ns/op
WorkloadActual   7: 400000 op, 10889700.00 ns, 27.2243 ns/op
WorkloadActual   8: 400000 op, 9816000.00 ns, 24.5400 ns/op
WorkloadActual   9: 400000 op, 12121500.00 ns, 30.3038 ns/op
WorkloadActual  10: 400000 op, 11531800.00 ns, 28.8295 ns/op
WorkloadActual  11: 400000 op, 12662200.00 ns, 31.6555 ns/op
WorkloadActual  12: 400000 op, 10926700.00 ns, 27.3168 ns/op
WorkloadActual  13: 400000 op, 10613400.00 ns, 26.5335 ns/op
WorkloadActual  14: 400000 op, 12080800.00 ns, 30.2020 ns/op
WorkloadActual  15: 400000 op, 12741300.00 ns, 31.8533 ns/op
WorkloadActual  16: 400000 op, 12220100.00 ns, 30.5503 ns/op
WorkloadActual  17: 400000 op, 10141100.00 ns, 25.3528 ns/op
WorkloadActual  18: 400000 op, 11130200.00 ns, 27.8255 ns/op
WorkloadActual  19: 400000 op, 11415000.00 ns, 28.5375 ns/op
WorkloadActual  20: 400000 op, 10940700.00 ns, 27.3518 ns/op
WorkloadActual  21: 400000 op, 11363400.00 ns, 28.4085 ns/op
WorkloadActual  22: 400000 op, 11335000.00 ns, 28.3375 ns/op
WorkloadActual  23: 400000 op, 10599900.00 ns, 26.4998 ns/op
WorkloadActual  24: 400000 op, 12114000.00 ns, 30.2850 ns/op
WorkloadActual  25: 400000 op, 12434400.00 ns, 31.0860 ns/op
WorkloadActual  26: 400000 op, 11301200.00 ns, 28.2530 ns/op
WorkloadActual  27: 400000 op, 11287400.00 ns, 28.2185 ns/op
WorkloadActual  28: 400000 op, 12232200.00 ns, 30.5805 ns/op
WorkloadActual  29: 400000 op, 10476900.00 ns, 26.1923 ns/op
WorkloadActual  30: 400000 op, 11547800.00 ns, 28.8695 ns/op
WorkloadActual  31: 400000 op, 10833200.00 ns, 27.0830 ns/op
WorkloadActual  32: 400000 op, 12454000.00 ns, 31.1350 ns/op
WorkloadActual  33: 400000 op, 12074200.00 ns, 30.1855 ns/op
WorkloadActual  34: 400000 op, 10647100.00 ns, 26.6178 ns/op
WorkloadActual  35: 400000 op, 10486200.00 ns, 26.2155 ns/op
WorkloadActual  36: 400000 op, 10678000.00 ns, 26.6950 ns/op
WorkloadActual  37: 400000 op, 10659700.00 ns, 26.6493 ns/op
WorkloadActual  38: 400000 op, 12111000.00 ns, 30.2775 ns/op
WorkloadActual  39: 400000 op, 13554400.00 ns, 33.8860 ns/op
WorkloadActual  40: 400000 op, 11158300.00 ns, 27.8958 ns/op
WorkloadActual  41: 400000 op, 10624200.00 ns, 26.5605 ns/op
WorkloadActual  42: 400000 op, 11992200.00 ns, 29.9805 ns/op
WorkloadActual  43: 400000 op, 11728700.00 ns, 29.3218 ns/op
WorkloadActual  44: 400000 op, 10484500.00 ns, 26.2113 ns/op
WorkloadActual  45: 400000 op, 11838300.00 ns, 29.5958 ns/op
WorkloadActual  46: 400000 op, 12036600.00 ns, 30.0915 ns/op
WorkloadActual  47: 400000 op, 11436800.00 ns, 28.5920 ns/op
WorkloadActual  48: 400000 op, 11042200.00 ns, 27.6055 ns/op
WorkloadActual  49: 400000 op, 10012200.00 ns, 25.0305 ns/op
WorkloadActual  50: 400000 op, 11180500.00 ns, 27.9513 ns/op
WorkloadActual  51: 400000 op, 10786400.00 ns, 26.9660 ns/op
WorkloadActual  52: 400000 op, 9816300.00 ns, 24.5408 ns/op
WorkloadActual  53: 400000 op, 10047400.00 ns, 25.1185 ns/op
WorkloadActual  54: 400000 op, 10237100.00 ns, 25.5928 ns/op
WorkloadActual  55: 400000 op, 11040400.00 ns, 27.6010 ns/op
WorkloadActual  56: 400000 op, 12239300.00 ns, 30.5983 ns/op
WorkloadActual  57: 400000 op, 12614900.00 ns, 31.5373 ns/op
WorkloadActual  58: 400000 op, 10624500.00 ns, 26.5613 ns/op
WorkloadActual  59: 400000 op, 11993300.00 ns, 29.9833 ns/op
WorkloadActual  60: 400000 op, 10961300.00 ns, 27.4033 ns/op
WorkloadActual  61: 400000 op, 12073900.00 ns, 30.1848 ns/op
WorkloadActual  62: 400000 op, 10020400.00 ns, 25.0510 ns/op
WorkloadActual  63: 400000 op, 11836100.00 ns, 29.5903 ns/op
WorkloadActual  64: 400000 op, 10696000.00 ns, 26.7400 ns/op
WorkloadActual  65: 400000 op, 12530500.00 ns, 31.3263 ns/op
WorkloadActual  66: 400000 op, 10619900.00 ns, 26.5498 ns/op
WorkloadActual  67: 400000 op, 12334800.00 ns, 30.8370 ns/op
WorkloadActual  68: 400000 op, 9662800.00 ns, 24.1570 ns/op
WorkloadActual  69: 400000 op, 11655000.00 ns, 29.1375 ns/op
WorkloadActual  70: 400000 op, 11864900.00 ns, 29.6623 ns/op
WorkloadActual  71: 400000 op, 12186400.00 ns, 30.4660 ns/op
WorkloadActual  72: 400000 op, 12472400.00 ns, 31.1810 ns/op
WorkloadActual  73: 400000 op, 12749700.00 ns, 31.8743 ns/op
WorkloadActual  74: 400000 op, 11193800.00 ns, 27.9845 ns/op
WorkloadActual  75: 400000 op, 11307400.00 ns, 28.2685 ns/op
WorkloadActual  76: 400000 op, 9577500.00 ns, 23.9438 ns/op
WorkloadActual  77: 400000 op, 11158000.00 ns, 27.8950 ns/op
WorkloadActual  78: 400000 op, 12257300.00 ns, 30.6433 ns/op
WorkloadActual  79: 400000 op, 11737500.00 ns, 29.3438 ns/op
WorkloadActual  80: 400000 op, 10165600.00 ns, 25.4140 ns/op
WorkloadActual  81: 400000 op, 10442900.00 ns, 26.1073 ns/op
WorkloadActual  82: 400000 op, 11718300.00 ns, 29.2958 ns/op
WorkloadActual  83: 400000 op, 11084700.00 ns, 27.7118 ns/op
WorkloadActual  84: 400000 op, 12369500.00 ns, 30.9238 ns/op
WorkloadActual  85: 400000 op, 12335600.00 ns, 30.8390 ns/op
WorkloadActual  86: 400000 op, 11211900.00 ns, 28.0298 ns/op
WorkloadActual  87: 400000 op, 12422900.00 ns, 31.0573 ns/op
WorkloadActual  88: 400000 op, 12457700.00 ns, 31.1443 ns/op
WorkloadActual  89: 400000 op, 11428100.00 ns, 28.5703 ns/op
WorkloadActual  90: 400000 op, 10799200.00 ns, 26.9980 ns/op
WorkloadActual  91: 400000 op, 12132000.00 ns, 30.3300 ns/op
WorkloadActual  92: 400000 op, 12619900.00 ns, 31.5498 ns/op
WorkloadActual  93: 400000 op, 12027300.00 ns, 30.0683 ns/op
WorkloadActual  94: 400000 op, 12024000.00 ns, 30.0600 ns/op
WorkloadActual  95: 400000 op, 12350300.00 ns, 30.8758 ns/op
WorkloadActual  96: 400000 op, 11726000.00 ns, 29.3150 ns/op
WorkloadActual  97: 400000 op, 10485800.00 ns, 26.2145 ns/op
WorkloadActual  98: 400000 op, 10110100.00 ns, 25.2753 ns/op
WorkloadActual  99: 400000 op, 11448600.00 ns, 28.6215 ns/op
WorkloadActual  100: 400000 op, 12236800.00 ns, 30.5920 ns/op

// AfterActualRun
WorkloadResult   1: 400000 op, 12031600.00 ns, 30.0790 ns/op
WorkloadResult   2: 400000 op, 11051700.00 ns, 27.6293 ns/op
WorkloadResult   3: 400000 op, 12552500.00 ns, 31.3813 ns/op
WorkloadResult   4: 400000 op, 12602200.00 ns, 31.5055 ns/op
WorkloadResult   5: 400000 op, 12062200.00 ns, 30.1555 ns/op
WorkloadResult   6: 400000 op, 11405500.00 ns, 28.5138 ns/op
WorkloadResult   7: 400000 op, 10889500.00 ns, 27.2238 ns/op
WorkloadResult   8: 400000 op, 9815800.00 ns, 24.5395 ns/op
WorkloadResult   9: 400000 op, 12121300.00 ns, 30.3033 ns/op
WorkloadResult  10: 400000 op, 11531600.00 ns, 28.8290 ns/op
WorkloadResult  11: 400000 op, 12662000.00 ns, 31.6550 ns/op
WorkloadResult  12: 400000 op, 10926500.00 ns, 27.3163 ns/op
WorkloadResult  13: 400000 op, 10613200.00 ns, 26.5330 ns/op
WorkloadResult  14: 400000 op, 12080600.00 ns, 30.2015 ns/op
WorkloadResult  15: 400000 op, 12741100.00 ns, 31.8528 ns/op
WorkloadResult  16: 400000 op, 12219900.00 ns, 30.5498 ns/op
WorkloadResult  17: 400000 op, 10140900.00 ns, 25.3523 ns/op
WorkloadResult  18: 400000 op, 11130000.00 ns, 27.8250 ns/op
WorkloadResult  19: 400000 op, 11414800.00 ns, 28.5370 ns/op
WorkloadResult  20: 400000 op, 10940500.00 ns, 27.3513 ns/op
WorkloadResult  21: 400000 op, 11363200.00 ns, 28.4080 ns/op
WorkloadResult  22: 400000 op, 11334800.00 ns, 28.3370 ns/op
WorkloadResult  23: 400000 op, 10599700.00 ns, 26.4993 ns/op
WorkloadResult  24: 400000 op, 12113800.00 ns, 30.2845 ns/op
WorkloadResult  25: 400000 op, 12434200.00 ns, 31.0855 ns/op
WorkloadResult  26: 400000 op, 11301000.00 ns, 28.2525 ns/op
WorkloadResult  27: 400000 op, 11287200.00 ns, 28.2180 ns/op
WorkloadResult  28: 400000 op, 12232000.00 ns, 30.5800 ns/op
WorkloadResult  29: 400000 op, 10476700.00 ns, 26.1918 ns/op
WorkloadResult  30: 400000 op, 11547600.00 ns, 28.8690 ns/op
WorkloadResult  31: 400000 op, 10833000.00 ns, 27.0825 ns/op
WorkloadResult  32: 400000 op, 12453800.00 ns, 31.1345 ns/op
WorkloadResult  33: 400000 op, 12074000.00 ns, 30.1850 ns/op
WorkloadResult  34: 400000 op, 10646900.00 ns, 26.6173 ns/op
WorkloadResult  35: 400000 op, 10486000.00 ns, 26.2150 ns/op
WorkloadResult  36: 400000 op, 10677800.00 ns, 26.6945 ns/op
WorkloadResult  37: 400000 op, 10659500.00 ns, 26.6488 ns/op
WorkloadResult  38: 400000 op, 12110800.00 ns, 30.2770 ns/op
WorkloadResult  39: 400000 op, 13554200.00 ns, 33.8855 ns/op
WorkloadResult  40: 400000 op, 11158100.00 ns, 27.8953 ns/op
WorkloadResult  41: 400000 op, 10624000.00 ns, 26.5600 ns/op
WorkloadResult  42: 400000 op, 11992000.00 ns, 29.9800 ns/op
WorkloadResult  43: 400000 op, 11728500.00 ns, 29.3213 ns/op
WorkloadResult  44: 400000 op, 10484300.00 ns, 26.2108 ns/op
WorkloadResult  45: 400000 op, 11838100.00 ns, 29.5953 ns/op
WorkloadResult  46: 400000 op, 12036400.00 ns, 30.0910 ns/op
WorkloadResult  47: 400000 op, 11436600.00 ns, 28.5915 ns/op
WorkloadResult  48: 400000 op, 11042000.00 ns, 27.6050 ns/op
WorkloadResult  49: 400000 op, 10012000.00 ns, 25.0300 ns/op
WorkloadResult  50: 400000 op, 11180300.00 ns, 27.9508 ns/op
WorkloadResult  51: 400000 op, 10786200.00 ns, 26.9655 ns/op
WorkloadResult  52: 400000 op, 9816100.00 ns, 24.5403 ns/op
WorkloadResult  53: 400000 op, 10047200.00 ns, 25.1180 ns/op
WorkloadResult  54: 400000 op, 10236900.00 ns, 25.5923 ns/op
WorkloadResult  55: 400000 op, 11040200.00 ns, 27.6005 ns/op
WorkloadResult  56: 400000 op, 12239100.00 ns, 30.5978 ns/op
WorkloadResult  57: 400000 op, 12614700.00 ns, 31.5368 ns/op
WorkloadResult  58: 400000 op, 10624300.00 ns, 26.5608 ns/op
WorkloadResult  59: 400000 op, 11993100.00 ns, 29.9828 ns/op
WorkloadResult  60: 400000 op, 10961100.00 ns, 27.4028 ns/op
WorkloadResult  61: 400000 op, 12073700.00 ns, 30.1843 ns/op
WorkloadResult  62: 400000 op, 10020200.00 ns, 25.0505 ns/op
WorkloadResult  63: 400000 op, 11835900.00 ns, 29.5898 ns/op
WorkloadResult  64: 400000 op, 10695800.00 ns, 26.7395 ns/op
WorkloadResult  65: 400000 op, 12530300.00 ns, 31.3258 ns/op
WorkloadResult  66: 400000 op, 10619700.00 ns, 26.5493 ns/op
WorkloadResult  67: 400000 op, 12334600.00 ns, 30.8365 ns/op
WorkloadResult  68: 400000 op, 9662600.00 ns, 24.1565 ns/op
WorkloadResult  69: 400000 op, 11654800.00 ns, 29.1370 ns/op
WorkloadResult  70: 400000 op, 11864700.00 ns, 29.6618 ns/op
WorkloadResult  71: 400000 op, 12186200.00 ns, 30.4655 ns/op
WorkloadResult  72: 400000 op, 12472200.00 ns, 31.1805 ns/op
WorkloadResult  73: 400000 op, 12749500.00 ns, 31.8738 ns/op
WorkloadResult  74: 400000 op, 11193600.00 ns, 27.9840 ns/op
WorkloadResult  75: 400000 op, 11307200.00 ns, 28.2680 ns/op
WorkloadResult  76: 400000 op, 9577300.00 ns, 23.9433 ns/op
WorkloadResult  77: 400000 op, 11157800.00 ns, 27.8945 ns/op
WorkloadResult  78: 400000 op, 12257100.00 ns, 30.6428 ns/op
WorkloadResult  79: 400000 op, 11737300.00 ns, 29.3433 ns/op
WorkloadResult  80: 400000 op, 10165400.00 ns, 25.4135 ns/op
WorkloadResult  81: 400000 op, 10442700.00 ns, 26.1068 ns/op
WorkloadResult  82: 400000 op, 11718100.00 ns, 29.2953 ns/op
WorkloadResult  83: 400000 op, 11084500.00 ns, 27.7113 ns/op
WorkloadResult  84: 400000 op, 12369300.00 ns, 30.9233 ns/op
WorkloadResult  85: 400000 op, 12335400.00 ns, 30.8385 ns/op
WorkloadResult  86: 400000 op, 11211700.00 ns, 28.0293 ns/op
WorkloadResult  87: 400000 op, 12422700.00 ns, 31.0568 ns/op
WorkloadResult  88: 400000 op, 12457500.00 ns, 31.1438 ns/op
WorkloadResult  89: 400000 op, 11427900.00 ns, 28.5698 ns/op
WorkloadResult  90: 400000 op, 10799000.00 ns, 26.9975 ns/op
WorkloadResult  91: 400000 op, 12131800.00 ns, 30.3295 ns/op
WorkloadResult  92: 400000 op, 12619700.00 ns, 31.5493 ns/op
WorkloadResult  93: 400000 op, 12027100.00 ns, 30.0678 ns/op
WorkloadResult  94: 400000 op, 12023800.00 ns, 30.0595 ns/op
WorkloadResult  95: 400000 op, 12350100.00 ns, 30.8753 ns/op
WorkloadResult  96: 400000 op, 11725800.00 ns, 29.3145 ns/op
WorkloadResult  97: 400000 op, 10485600.00 ns, 26.2140 ns/op
WorkloadResult  98: 400000 op, 10109900.00 ns, 25.2748 ns/op
WorkloadResult  99: 400000 op, 11448400.00 ns, 28.6210 ns/op
WorkloadResult  100: 400000 op, 12236600.00 ns, 30.5915 ns/op
// GC:  0 0 0 2472 400000
// Threading:  5 0 400000

// AfterAll
// Benchmark Process 31080 has exited with code 0.

Mean = 28.613 ns, StdErr = 0.214 ns (0.75%), N = 100, StdDev = 2.141 ns
Min = 23.943 ns, Q1 = 26.909 ns, Median = 28.581 ns, Q3 = 30.310 ns, Max = 33.886 ns
IQR = 3.401 ns, LowerFence = 21.808 ns, UpperFence = 35.411 ns
ConfidenceInterval = [27.887 ns; 29.339 ns] (CI 99.9%), Margin = 0.726 ns (2.54% of Mean)
Skewness = -0.18, Kurtosis = 2.18, MValue = 2.76

// ** Remained 3 (75.0 %) benchmark(s) to run. Estimated finish 2026-08-11 17:09 (0h 0m from now) **
Setup power plan (GUID: 8c5e7fda-e8bf-4a96-9a85-a6e23a8c635c FriendlyName: Высокая производительность)
// **************************
// Benchmark: ContentionBenchmarks.Bus_Publish: Job-CNUJVU(InvocationCount=1, UnrollFactor=1) [Writers=4]
// *** Execute ***
// Launch: 1 / 1
// Execute: dotnet SCADA.Benchmarks-Job-CNUJVU-1.dll --anonymousPipes 2104 2108 --benchmarkName "SCADA.Benchmarks.ContentionBenchmarks.Bus_Publish(Writers: 4)" --job "InvocationCount=1, UnrollFactor=1" --benchmarkId 1 in E:\CSharp\scada\SCADA.Benchmarks\bin\Release\net10.0\SCADA.Benchmarks-Job-CNUJVU-1\bin\Release\net10.0
// BeforeAnythingElse

// Benchmark Process Environment Information:
// BenchmarkDotNet v0.15.8
// Runtime=.NET 10.0.10 (10.0.10, 10.0.1026.32716), X64 RyuJIT x86-64-v3
// GC=Concurrent Workstation
// HardwareIntrinsics=AVX2+BMI1+BMI2+F16C+FMA+LZCNT+MOVBE,AVX,SSE3+SSSE3+SSE4.1+SSE4.2+POPCNT,X86Base+SSE+SSE2,AES+PCLMUL VectorSize=256
// Job: Job-CNUJVU(InvocationCount=1, UnrollFactor=1)

OverheadJitting  1: 400000 op, 178400.00 ns, 0.4460 ns/op
WorkloadJitting  1: 400000 op, 40556600.00 ns, 101.3915 ns/op

OverheadWarmup   1: 400000 op, 300.00 ns, 0.0008 ns/op
OverheadWarmup   2: 400000 op, 300.00 ns, 0.0008 ns/op
OverheadWarmup   3: 400000 op, 100.00 ns, 0.0003 ns/op
OverheadWarmup   4: 400000 op, 100.00 ns, 0.0003 ns/op
OverheadWarmup   5: 400000 op, 200.00 ns, 0.0005 ns/op

OverheadActual   1: 400000 op, 1000.00 ns, 0.0025 ns/op
OverheadActual   2: 400000 op, 300.00 ns, 0.0008 ns/op
OverheadActual   3: 400000 op, 500.00 ns, 0.0013 ns/op
OverheadActual   4: 400000 op, 200.00 ns, 0.0005 ns/op
OverheadActual   5: 400000 op, 200.00 ns, 0.0005 ns/op
OverheadActual   6: 400000 op, 100.00 ns, 0.0003 ns/op
OverheadActual   7: 400000 op, 200.00 ns, 0.0005 ns/op
OverheadActual   8: 400000 op, 100.00 ns, 0.0003 ns/op
OverheadActual   9: 400000 op, 200.00 ns, 0.0005 ns/op
OverheadActual  10: 400000 op, 100.00 ns, 0.0003 ns/op
OverheadActual  11: 400000 op, 200.00 ns, 0.0005 ns/op
OverheadActual  12: 400000 op, 100.00 ns, 0.0003 ns/op
OverheadActual  13: 400000 op, 100.00 ns, 0.0003 ns/op
OverheadActual  14: 400000 op, 100.00 ns, 0.0003 ns/op
OverheadActual  15: 400000 op, 100.00 ns, 0.0003 ns/op
OverheadActual  16: 400000 op, 100.00 ns, 0.0003 ns/op
OverheadActual  17: 400000 op, 200.00 ns, 0.0005 ns/op
OverheadActual  18: 400000 op, 200.00 ns, 0.0005 ns/op
OverheadActual  19: 400000 op, 400.00 ns, 0.0010 ns/op
OverheadActual  20: 400000 op, 600.00 ns, 0.0015 ns/op

WorkloadWarmup   1: 400000 op, 27598000.00 ns, 68.9950 ns/op
WorkloadWarmup   2: 400000 op, 25475400.00 ns, 63.6885 ns/op
WorkloadWarmup   3: 400000 op, 28606800.00 ns, 71.5170 ns/op
WorkloadWarmup   4: 400000 op, 24700200.00 ns, 61.7505 ns/op
WorkloadWarmup   5: 400000 op, 22829600.00 ns, 57.0740 ns/op
WorkloadWarmup   6: 400000 op, 28441200.00 ns, 71.1030 ns/op
WorkloadWarmup   7: 400000 op, 27999800.00 ns, 69.9995 ns/op

// BeforeActualRun
WorkloadActual   1: 400000 op, 23475000.00 ns, 58.6875 ns/op
WorkloadActual   2: 400000 op, 29128400.00 ns, 72.8210 ns/op
WorkloadActual   3: 400000 op, 27216700.00 ns, 68.0418 ns/op
WorkloadActual   4: 400000 op, 28327000.00 ns, 70.8175 ns/op
WorkloadActual   5: 400000 op, 26727800.00 ns, 66.8195 ns/op
WorkloadActual   6: 400000 op, 28391800.00 ns, 70.9795 ns/op
WorkloadActual   7: 400000 op, 28503100.00 ns, 71.2578 ns/op
WorkloadActual   8: 400000 op, 28310300.00 ns, 70.7758 ns/op
WorkloadActual   9: 400000 op, 24196100.00 ns, 60.4903 ns/op
WorkloadActual  10: 400000 op, 25995700.00 ns, 64.9893 ns/op
WorkloadActual  11: 400000 op, 27440500.00 ns, 68.6013 ns/op
WorkloadActual  12: 400000 op, 27337700.00 ns, 68.3443 ns/op
WorkloadActual  13: 400000 op, 28284400.00 ns, 70.7110 ns/op
WorkloadActual  14: 400000 op, 28493000.00 ns, 71.2325 ns/op
WorkloadActual  15: 400000 op, 27187400.00 ns, 67.9685 ns/op
WorkloadActual  16: 400000 op, 29253300.00 ns, 73.1333 ns/op
WorkloadActual  17: 400000 op, 27094900.00 ns, 67.7373 ns/op
WorkloadActual  18: 400000 op, 27769100.00 ns, 69.4228 ns/op
WorkloadActual  19: 400000 op, 27277400.00 ns, 68.1935 ns/op
WorkloadActual  20: 400000 op, 29248000.00 ns, 73.1200 ns/op
WorkloadActual  21: 400000 op, 27205000.00 ns, 68.0125 ns/op
WorkloadActual  22: 400000 op, 28663300.00 ns, 71.6583 ns/op
WorkloadActual  23: 400000 op, 27628500.00 ns, 69.0713 ns/op
WorkloadActual  24: 400000 op, 24735300.00 ns, 61.8383 ns/op
WorkloadActual  25: 400000 op, 26324100.00 ns, 65.8103 ns/op
WorkloadActual  26: 400000 op, 28003800.00 ns, 70.0095 ns/op
WorkloadActual  27: 400000 op, 27298100.00 ns, 68.2453 ns/op
WorkloadActual  28: 400000 op, 29150100.00 ns, 72.8753 ns/op
WorkloadActual  29: 400000 op, 27976600.00 ns, 69.9415 ns/op
WorkloadActual  30: 400000 op, 26749000.00 ns, 66.8725 ns/op
WorkloadActual  31: 400000 op, 24648900.00 ns, 61.6223 ns/op
WorkloadActual  32: 400000 op, 27042900.00 ns, 67.6073 ns/op
WorkloadActual  33: 400000 op, 28186300.00 ns, 70.4658 ns/op
WorkloadActual  34: 400000 op, 24775100.00 ns, 61.9378 ns/op
WorkloadActual  35: 400000 op, 25377100.00 ns, 63.4428 ns/op
WorkloadActual  36: 400000 op, 27994900.00 ns, 69.9873 ns/op
WorkloadActual  37: 400000 op, 27317000.00 ns, 68.2925 ns/op
WorkloadActual  38: 400000 op, 29064200.00 ns, 72.6605 ns/op
WorkloadActual  39: 400000 op, 27264700.00 ns, 68.1618 ns/op
WorkloadActual  40: 400000 op, 22549700.00 ns, 56.3743 ns/op
WorkloadActual  41: 400000 op, 25017800.00 ns, 62.5445 ns/op
WorkloadActual  42: 400000 op, 28955200.00 ns, 72.3880 ns/op
WorkloadActual  43: 400000 op, 29651400.00 ns, 74.1285 ns/op
WorkloadActual  44: 400000 op, 24407800.00 ns, 61.0195 ns/op
WorkloadActual  45: 400000 op, 27368800.00 ns, 68.4220 ns/op
WorkloadActual  46: 400000 op, 33704200.00 ns, 84.2605 ns/op
WorkloadActual  47: 400000 op, 25200700.00 ns, 63.0018 ns/op
WorkloadActual  48: 400000 op, 30427700.00 ns, 76.0693 ns/op
WorkloadActual  49: 400000 op, 33102500.00 ns, 82.7563 ns/op
WorkloadActual  50: 400000 op, 23729300.00 ns, 59.3233 ns/op
WorkloadActual  51: 400000 op, 35160200.00 ns, 87.9005 ns/op
WorkloadActual  52: 400000 op, 32490900.00 ns, 81.2273 ns/op
WorkloadActual  53: 400000 op, 32151100.00 ns, 80.3778 ns/op
WorkloadActual  54: 400000 op, 34146200.00 ns, 85.3655 ns/op
WorkloadActual  55: 400000 op, 34481400.00 ns, 86.2035 ns/op
WorkloadActual  56: 400000 op, 36787300.00 ns, 91.9683 ns/op
WorkloadActual  57: 400000 op, 36111900.00 ns, 90.2798 ns/op
WorkloadActual  58: 400000 op, 30063100.00 ns, 75.1578 ns/op
WorkloadActual  59: 400000 op, 28951300.00 ns, 72.3783 ns/op
WorkloadActual  60: 400000 op, 35353000.00 ns, 88.3825 ns/op
WorkloadActual  61: 400000 op, 22018800.00 ns, 55.0470 ns/op
WorkloadActual  62: 400000 op, 29592700.00 ns, 73.9818 ns/op
WorkloadActual  63: 400000 op, 27393000.00 ns, 68.4825 ns/op
WorkloadActual  64: 400000 op, 36579500.00 ns, 91.4488 ns/op
WorkloadActual  65: 400000 op, 28692300.00 ns, 71.7308 ns/op
WorkloadActual  66: 400000 op, 36050400.00 ns, 90.1260 ns/op
WorkloadActual  67: 400000 op, 36451600.00 ns, 91.1290 ns/op
WorkloadActual  68: 400000 op, 34347300.00 ns, 85.8683 ns/op
WorkloadActual  69: 400000 op, 31357300.00 ns, 78.3933 ns/op
WorkloadActual  70: 400000 op, 29062100.00 ns, 72.6553 ns/op
WorkloadActual  71: 400000 op, 24322200.00 ns, 60.8055 ns/op
WorkloadActual  72: 400000 op, 28407400.00 ns, 71.0185 ns/op
WorkloadActual  73: 400000 op, 28524900.00 ns, 71.3123 ns/op
WorkloadActual  74: 400000 op, 31327800.00 ns, 78.3195 ns/op
WorkloadActual  75: 400000 op, 29265200.00 ns, 73.1630 ns/op
WorkloadActual  76: 400000 op, 26879400.00 ns, 67.1985 ns/op
WorkloadActual  77: 400000 op, 34241600.00 ns, 85.6040 ns/op
WorkloadActual  78: 400000 op, 35157100.00 ns, 87.8928 ns/op
WorkloadActual  79: 400000 op, 22720200.00 ns, 56.8005 ns/op
WorkloadActual  80: 400000 op, 28995600.00 ns, 72.4890 ns/op
WorkloadActual  81: 400000 op, 30574600.00 ns, 76.4365 ns/op
WorkloadActual  82: 400000 op, 31828400.00 ns, 79.5710 ns/op
WorkloadActual  83: 400000 op, 26774600.00 ns, 66.9365 ns/op
WorkloadActual  84: 400000 op, 31327700.00 ns, 78.3193 ns/op
WorkloadActual  85: 400000 op, 30795100.00 ns, 76.9878 ns/op
WorkloadActual  86: 400000 op, 33408900.00 ns, 83.5223 ns/op
WorkloadActual  87: 400000 op, 32746100.00 ns, 81.8653 ns/op
WorkloadActual  88: 400000 op, 28634900.00 ns, 71.5873 ns/op
WorkloadActual  89: 400000 op, 35416300.00 ns, 88.5408 ns/op
WorkloadActual  90: 400000 op, 31389800.00 ns, 78.4745 ns/op
WorkloadActual  91: 400000 op, 33789900.00 ns, 84.4748 ns/op
WorkloadActual  92: 400000 op, 27190700.00 ns, 67.9768 ns/op
WorkloadActual  93: 400000 op, 27151100.00 ns, 67.8778 ns/op
WorkloadActual  94: 400000 op, 35412000.00 ns, 88.5300 ns/op
WorkloadActual  95: 400000 op, 37004700.00 ns, 92.5118 ns/op
WorkloadActual  96: 400000 op, 31382300.00 ns, 78.4558 ns/op
WorkloadActual  97: 400000 op, 29414400.00 ns, 73.5360 ns/op
WorkloadActual  98: 400000 op, 30140900.00 ns, 75.3523 ns/op
WorkloadActual  99: 400000 op, 36933400.00 ns, 92.3335 ns/op
WorkloadActual  100: 400000 op, 37107600.00 ns, 92.7690 ns/op

// AfterActualRun
WorkloadResult   1: 400000 op, 23474800.00 ns, 58.6870 ns/op
WorkloadResult   2: 400000 op, 29128200.00 ns, 72.8205 ns/op
WorkloadResult   3: 400000 op, 27216500.00 ns, 68.0413 ns/op
WorkloadResult   4: 400000 op, 28326800.00 ns, 70.8170 ns/op
WorkloadResult   5: 400000 op, 26727600.00 ns, 66.8190 ns/op
WorkloadResult   6: 400000 op, 28391600.00 ns, 70.9790 ns/op
WorkloadResult   7: 400000 op, 28502900.00 ns, 71.2573 ns/op
WorkloadResult   8: 400000 op, 28310100.00 ns, 70.7753 ns/op
WorkloadResult   9: 400000 op, 24195900.00 ns, 60.4898 ns/op
WorkloadResult  10: 400000 op, 25995500.00 ns, 64.9888 ns/op
WorkloadResult  11: 400000 op, 27440300.00 ns, 68.6008 ns/op
WorkloadResult  12: 400000 op, 27337500.00 ns, 68.3438 ns/op
WorkloadResult  13: 400000 op, 28284200.00 ns, 70.7105 ns/op
WorkloadResult  14: 400000 op, 28492800.00 ns, 71.2320 ns/op
WorkloadResult  15: 400000 op, 27187200.00 ns, 67.9680 ns/op
WorkloadResult  16: 400000 op, 29253100.00 ns, 73.1328 ns/op
WorkloadResult  17: 400000 op, 27094700.00 ns, 67.7368 ns/op
WorkloadResult  18: 400000 op, 27768900.00 ns, 69.4223 ns/op
WorkloadResult  19: 400000 op, 27277200.00 ns, 68.1930 ns/op
WorkloadResult  20: 400000 op, 29247800.00 ns, 73.1195 ns/op
WorkloadResult  21: 400000 op, 27204800.00 ns, 68.0120 ns/op
WorkloadResult  22: 400000 op, 28663100.00 ns, 71.6578 ns/op
WorkloadResult  23: 400000 op, 27628300.00 ns, 69.0708 ns/op
WorkloadResult  24: 400000 op, 24735100.00 ns, 61.8378 ns/op
WorkloadResult  25: 400000 op, 26323900.00 ns, 65.8098 ns/op
WorkloadResult  26: 400000 op, 28003600.00 ns, 70.0090 ns/op
WorkloadResult  27: 400000 op, 27297900.00 ns, 68.2448 ns/op
WorkloadResult  28: 400000 op, 29149900.00 ns, 72.8748 ns/op
WorkloadResult  29: 400000 op, 27976400.00 ns, 69.9410 ns/op
WorkloadResult  30: 400000 op, 26748800.00 ns, 66.8720 ns/op
WorkloadResult  31: 400000 op, 24648700.00 ns, 61.6218 ns/op
WorkloadResult  32: 400000 op, 27042700.00 ns, 67.6068 ns/op
WorkloadResult  33: 400000 op, 28186100.00 ns, 70.4653 ns/op
WorkloadResult  34: 400000 op, 24774900.00 ns, 61.9373 ns/op
WorkloadResult  35: 400000 op, 25376900.00 ns, 63.4423 ns/op
WorkloadResult  36: 400000 op, 27994700.00 ns, 69.9868 ns/op
WorkloadResult  37: 400000 op, 27316800.00 ns, 68.2920 ns/op
WorkloadResult  38: 400000 op, 29064000.00 ns, 72.6600 ns/op
WorkloadResult  39: 400000 op, 27264500.00 ns, 68.1613 ns/op
WorkloadResult  40: 400000 op, 22549500.00 ns, 56.3738 ns/op
WorkloadResult  41: 400000 op, 25017600.00 ns, 62.5440 ns/op
WorkloadResult  42: 400000 op, 28955000.00 ns, 72.3875 ns/op
WorkloadResult  43: 400000 op, 29651200.00 ns, 74.1280 ns/op
WorkloadResult  44: 400000 op, 24407600.00 ns, 61.0190 ns/op
WorkloadResult  45: 400000 op, 27368600.00 ns, 68.4215 ns/op
WorkloadResult  46: 400000 op, 33704000.00 ns, 84.2600 ns/op
WorkloadResult  47: 400000 op, 25200500.00 ns, 63.0013 ns/op
WorkloadResult  48: 400000 op, 30427500.00 ns, 76.0688 ns/op
WorkloadResult  49: 400000 op, 33102300.00 ns, 82.7558 ns/op
WorkloadResult  50: 400000 op, 23729100.00 ns, 59.3228 ns/op
WorkloadResult  51: 400000 op, 35160000.00 ns, 87.9000 ns/op
WorkloadResult  52: 400000 op, 32490700.00 ns, 81.2268 ns/op
WorkloadResult  53: 400000 op, 32150900.00 ns, 80.3773 ns/op
WorkloadResult  54: 400000 op, 34146000.00 ns, 85.3650 ns/op
WorkloadResult  55: 400000 op, 34481200.00 ns, 86.2030 ns/op
WorkloadResult  56: 400000 op, 36787100.00 ns, 91.9678 ns/op
WorkloadResult  57: 400000 op, 36111700.00 ns, 90.2793 ns/op
WorkloadResult  58: 400000 op, 30062900.00 ns, 75.1573 ns/op
WorkloadResult  59: 400000 op, 28951100.00 ns, 72.3778 ns/op
WorkloadResult  60: 400000 op, 35352800.00 ns, 88.3820 ns/op
WorkloadResult  61: 400000 op, 22018600.00 ns, 55.0465 ns/op
WorkloadResult  62: 400000 op, 29592500.00 ns, 73.9813 ns/op
WorkloadResult  63: 400000 op, 27392800.00 ns, 68.4820 ns/op
WorkloadResult  64: 400000 op, 36579300.00 ns, 91.4483 ns/op
WorkloadResult  65: 400000 op, 28692100.00 ns, 71.7303 ns/op
WorkloadResult  66: 400000 op, 36050200.00 ns, 90.1255 ns/op
WorkloadResult  67: 400000 op, 36451400.00 ns, 91.1285 ns/op
WorkloadResult  68: 400000 op, 34347100.00 ns, 85.8678 ns/op
WorkloadResult  69: 400000 op, 31357100.00 ns, 78.3928 ns/op
WorkloadResult  70: 400000 op, 29061900.00 ns, 72.6548 ns/op
WorkloadResult  71: 400000 op, 24322000.00 ns, 60.8050 ns/op
WorkloadResult  72: 400000 op, 28407200.00 ns, 71.0180 ns/op
WorkloadResult  73: 400000 op, 28524700.00 ns, 71.3118 ns/op
WorkloadResult  74: 400000 op, 31327600.00 ns, 78.3190 ns/op
WorkloadResult  75: 400000 op, 29265000.00 ns, 73.1625 ns/op
WorkloadResult  76: 400000 op, 26879200.00 ns, 67.1980 ns/op
WorkloadResult  77: 400000 op, 34241400.00 ns, 85.6035 ns/op
WorkloadResult  78: 400000 op, 35156900.00 ns, 87.8923 ns/op
WorkloadResult  79: 400000 op, 22720000.00 ns, 56.8000 ns/op
WorkloadResult  80: 400000 op, 28995400.00 ns, 72.4885 ns/op
WorkloadResult  81: 400000 op, 30574400.00 ns, 76.4360 ns/op
WorkloadResult  82: 400000 op, 31828200.00 ns, 79.5705 ns/op
WorkloadResult  83: 400000 op, 26774400.00 ns, 66.9360 ns/op
WorkloadResult  84: 400000 op, 31327500.00 ns, 78.3188 ns/op
WorkloadResult  85: 400000 op, 30794900.00 ns, 76.9873 ns/op
WorkloadResult  86: 400000 op, 33408700.00 ns, 83.5218 ns/op
WorkloadResult  87: 400000 op, 32745900.00 ns, 81.8648 ns/op
WorkloadResult  88: 400000 op, 28634700.00 ns, 71.5868 ns/op
WorkloadResult  89: 400000 op, 35416100.00 ns, 88.5403 ns/op
WorkloadResult  90: 400000 op, 31389600.00 ns, 78.4740 ns/op
WorkloadResult  91: 400000 op, 33789700.00 ns, 84.4743 ns/op
WorkloadResult  92: 400000 op, 27190500.00 ns, 67.9763 ns/op
WorkloadResult  93: 400000 op, 27150900.00 ns, 67.8773 ns/op
WorkloadResult  94: 400000 op, 35411800.00 ns, 88.5295 ns/op
WorkloadResult  95: 400000 op, 37004500.00 ns, 92.5113 ns/op
WorkloadResult  96: 400000 op, 31382100.00 ns, 78.4553 ns/op
WorkloadResult  97: 400000 op, 29414200.00 ns, 73.5355 ns/op
WorkloadResult  98: 400000 op, 30140700.00 ns, 75.3518 ns/op
WorkloadResult  99: 400000 op, 36933200.00 ns, 92.3330 ns/op
WorkloadResult  100: 400000 op, 37107400.00 ns, 92.7685 ns/op
// GC:  0 0 0 2472 400000
// Threading:  5 0 400000

// AfterAll
// Benchmark Process 23420 has exited with code 0.

Mean = 73.617 ns, StdErr = 0.929 ns (1.26%), N = 100, StdDev = 9.290 ns
Min = 55.047 ns, Q1 = 68.003 ns, Median = 71.622 ns, Q3 = 78.748 ns, Max = 92.769 ns
IQR = 10.745 ns, LowerFence = 51.885 ns, UpperFence = 94.866 ns
ConfidenceInterval = [70.466 ns; 76.767 ns] (CI 99.9%), Margin = 3.151 ns (4.28% of Mean)
Skewness = 0.41, Kurtosis = 2.43, MValue = 2.67

// ** Remained 2 (50.0 %) benchmark(s) to run. Estimated finish 2026-08-11 17:09 (0h 0m from now) **
Setup power plan (GUID: 8c5e7fda-e8bf-4a96-9a85-a6e23a8c635c FriendlyName: Высокая производительность)
// **************************
// Benchmark: ContentionBenchmarks.TagTable_Write: Job-CNUJVU(InvocationCount=1, UnrollFactor=1) [Writers=8]
// *** Execute ***
// Launch: 1 / 1
// Execute: dotnet SCADA.Benchmarks-Job-CNUJVU-1.dll --anonymousPipes 2192 2184 --benchmarkName "SCADA.Benchmarks.ContentionBenchmarks.TagTable_Write(Writers: 8)" --job "InvocationCount=1, UnrollFactor=1" --benchmarkId 2 in E:\CSharp\scada\SCADA.Benchmarks\bin\Release\net10.0\SCADA.Benchmarks-Job-CNUJVU-1\bin\Release\net10.0
// BeforeAnythingElse

// Benchmark Process Environment Information:
// BenchmarkDotNet v0.15.8
// Runtime=.NET 10.0.10 (10.0.10, 10.0.1026.32716), X64 RyuJIT x86-64-v3
// GC=Concurrent Workstation
// HardwareIntrinsics=AVX2+BMI1+BMI2+F16C+FMA+LZCNT+MOVBE,AVX,SSE3+SSSE3+SSE4.1+SSE4.2+POPCNT,X86Base+SSE+SSE2,AES+PCLMUL VectorSize=256
// Job: Job-CNUJVU(InvocationCount=1, UnrollFactor=1)

OverheadJitting  1: 400000 op, 150500.00 ns, 0.3763 ns/op
WorkloadJitting  1: 400000 op, 19221600.00 ns, 48.0540 ns/op

OverheadWarmup   1: 400000 op, 600.00 ns, 0.0015 ns/op
OverheadWarmup   2: 400000 op, 400.00 ns, 0.0010 ns/op
OverheadWarmup   3: 400000 op, 200.00 ns, 0.0005 ns/op
OverheadWarmup   4: 400000 op, 100.00 ns, 0.0003 ns/op
OverheadWarmup   5: 400000 op, 200.00 ns, 0.0005 ns/op
OverheadWarmup   6: 400000 op, 200.00 ns, 0.0005 ns/op
OverheadWarmup   7: 400000 op, 100.00 ns, 0.0003 ns/op
OverheadWarmup   8: 400000 op, 100.00 ns, 0.0003 ns/op

OverheadActual   1: 400000 op, 100.00 ns, 0.0003 ns/op
OverheadActual   2: 400000 op, 1100.00 ns, 0.0028 ns/op
OverheadActual   3: 400000 op, 400.00 ns, 0.0010 ns/op
OverheadActual   4: 400000 op, 200.00 ns, 0.0005 ns/op
OverheadActual   5: 400000 op, 200.00 ns, 0.0005 ns/op
OverheadActual   6: 400000 op, 200.00 ns, 0.0005 ns/op
OverheadActual   7: 400000 op, 100.00 ns, 0.0003 ns/op
OverheadActual   8: 400000 op, 200.00 ns, 0.0005 ns/op
OverheadActual   9: 400000 op, 300.00 ns, 0.0008 ns/op
OverheadActual  10: 400000 op, 200.00 ns, 0.0005 ns/op
OverheadActual  11: 400000 op, 200.00 ns, 0.0005 ns/op
OverheadActual  12: 400000 op, 200.00 ns, 0.0005 ns/op
OverheadActual  13: 400000 op, 100.00 ns, 0.0003 ns/op
OverheadActual  14: 400000 op, 200.00 ns, 0.0005 ns/op
OverheadActual  15: 400000 op, 100.00 ns, 0.0003 ns/op
OverheadActual  16: 400000 op, 100.00 ns, 0.0003 ns/op
OverheadActual  17: 400000 op, 200.00 ns, 0.0005 ns/op
OverheadActual  18: 400000 op, 200.00 ns, 0.0005 ns/op
OverheadActual  19: 400000 op, 100.00 ns, 0.0003 ns/op
OverheadActual  20: 400000 op, 200.00 ns, 0.0005 ns/op

WorkloadWarmup   1: 400000 op, 11222500.00 ns, 28.0563 ns/op
WorkloadWarmup   2: 400000 op, 11282800.00 ns, 28.2070 ns/op
WorkloadWarmup   3: 400000 op, 10885700.00 ns, 27.2143 ns/op
WorkloadWarmup   4: 400000 op, 10408000.00 ns, 26.0200 ns/op
WorkloadWarmup   5: 400000 op, 10783900.00 ns, 26.9598 ns/op
WorkloadWarmup   6: 400000 op, 10800400.00 ns, 27.0010 ns/op
WorkloadWarmup   7: 400000 op, 10926000.00 ns, 27.3150 ns/op
WorkloadWarmup   8: 400000 op, 10130600.00 ns, 25.3265 ns/op

// BeforeActualRun
WorkloadActual   1: 400000 op, 10846700.00 ns, 27.1168 ns/op
WorkloadActual   2: 400000 op, 11017300.00 ns, 27.5433 ns/op
WorkloadActual   3: 400000 op, 10856100.00 ns, 27.1403 ns/op
WorkloadActual   4: 400000 op, 11166000.00 ns, 27.9150 ns/op
WorkloadActual   5: 400000 op, 10554600.00 ns, 26.3865 ns/op
WorkloadActual   6: 400000 op, 11330600.00 ns, 28.3265 ns/op
WorkloadActual   7: 400000 op, 10631100.00 ns, 26.5778 ns/op
WorkloadActual   8: 400000 op, 10655100.00 ns, 26.6378 ns/op
WorkloadActual   9: 400000 op, 10581400.00 ns, 26.4535 ns/op
WorkloadActual  10: 400000 op, 11206500.00 ns, 28.0163 ns/op
WorkloadActual  11: 400000 op, 10645000.00 ns, 26.6125 ns/op
WorkloadActual  12: 400000 op, 10665200.00 ns, 26.6630 ns/op
WorkloadActual  13: 400000 op, 10823400.00 ns, 27.0585 ns/op
WorkloadActual  14: 400000 op, 10639000.00 ns, 26.5975 ns/op
WorkloadActual  15: 400000 op, 10864900.00 ns, 27.1623 ns/op
WorkloadActual  16: 400000 op, 10960300.00 ns, 27.4008 ns/op
WorkloadActual  17: 400000 op, 11569900.00 ns, 28.9248 ns/op
WorkloadActual  18: 400000 op, 11800200.00 ns, 29.5005 ns/op
WorkloadActual  19: 400000 op, 11598500.00 ns, 28.9963 ns/op
WorkloadActual  20: 400000 op, 10911700.00 ns, 27.2793 ns/op
WorkloadActual  21: 400000 op, 10380000.00 ns, 25.9500 ns/op
WorkloadActual  22: 400000 op, 11113500.00 ns, 27.7838 ns/op
WorkloadActual  23: 400000 op, 10933300.00 ns, 27.3333 ns/op
WorkloadActual  24: 400000 op, 10905200.00 ns, 27.2630 ns/op
WorkloadActual  25: 400000 op, 10866900.00 ns, 27.1673 ns/op
WorkloadActual  26: 400000 op, 11005200.00 ns, 27.5130 ns/op
WorkloadActual  27: 400000 op, 11280200.00 ns, 28.2005 ns/op
WorkloadActual  28: 400000 op, 11430800.00 ns, 28.5770 ns/op
WorkloadActual  29: 400000 op, 10761300.00 ns, 26.9033 ns/op
WorkloadActual  30: 400000 op, 10688300.00 ns, 26.7208 ns/op
WorkloadActual  31: 400000 op, 10743800.00 ns, 26.8595 ns/op
WorkloadActual  32: 400000 op, 11201800.00 ns, 28.0045 ns/op

// AfterActualRun
WorkloadResult   1: 400000 op, 10846500.00 ns, 27.1163 ns/op
WorkloadResult   2: 400000 op, 11017100.00 ns, 27.5428 ns/op
WorkloadResult   3: 400000 op, 10855900.00 ns, 27.1398 ns/op
WorkloadResult   4: 400000 op, 11165800.00 ns, 27.9145 ns/op
WorkloadResult   5: 400000 op, 10554400.00 ns, 26.3860 ns/op
WorkloadResult   6: 400000 op, 11330400.00 ns, 28.3260 ns/op
WorkloadResult   7: 400000 op, 10630900.00 ns, 26.5773 ns/op
WorkloadResult   8: 400000 op, 10654900.00 ns, 26.6373 ns/op
WorkloadResult   9: 400000 op, 10581200.00 ns, 26.4530 ns/op
WorkloadResult  10: 400000 op, 11206300.00 ns, 28.0158 ns/op
WorkloadResult  11: 400000 op, 10644800.00 ns, 26.6120 ns/op
WorkloadResult  12: 400000 op, 10665000.00 ns, 26.6625 ns/op
WorkloadResult  13: 400000 op, 10823200.00 ns, 27.0580 ns/op
WorkloadResult  14: 400000 op, 10638800.00 ns, 26.5970 ns/op
WorkloadResult  15: 400000 op, 10864700.00 ns, 27.1618 ns/op
WorkloadResult  16: 400000 op, 10960100.00 ns, 27.4003 ns/op
WorkloadResult  17: 400000 op, 11569700.00 ns, 28.9243 ns/op
WorkloadResult  18: 400000 op, 11800000.00 ns, 29.5000 ns/op
WorkloadResult  19: 400000 op, 11598300.00 ns, 28.9958 ns/op
WorkloadResult  20: 400000 op, 10911500.00 ns, 27.2788 ns/op
WorkloadResult  21: 400000 op, 10379800.00 ns, 25.9495 ns/op
WorkloadResult  22: 400000 op, 11113300.00 ns, 27.7833 ns/op
WorkloadResult  23: 400000 op, 10933100.00 ns, 27.3328 ns/op
WorkloadResult  24: 400000 op, 10905000.00 ns, 27.2625 ns/op
WorkloadResult  25: 400000 op, 10866700.00 ns, 27.1668 ns/op
WorkloadResult  26: 400000 op, 11005000.00 ns, 27.5125 ns/op
WorkloadResult  27: 400000 op, 11280000.00 ns, 28.2000 ns/op
WorkloadResult  28: 400000 op, 11430600.00 ns, 28.5765 ns/op
WorkloadResult  29: 400000 op, 10761100.00 ns, 26.9028 ns/op
WorkloadResult  30: 400000 op, 10688100.00 ns, 26.7203 ns/op
WorkloadResult  31: 400000 op, 10743600.00 ns, 26.8590 ns/op
WorkloadResult  32: 400000 op, 11201600.00 ns, 28.0040 ns/op
// GC:  0 0 0 3336 400000
// Threading:  9 0 400000

// AfterAll
// Benchmark Process 13948 has exited with code 0.

Mean = 27.393 ns, StdErr = 0.148 ns (0.54%), N = 32, StdDev = 0.840 ns
Min = 25.950 ns, Q1 = 26.706 ns, Median = 27.215 ns, Q3 = 27.937 ns, Max = 29.500 ns
IQR = 1.231 ns, LowerFence = 24.859 ns, UpperFence = 29.783 ns
ConfidenceInterval = [26.853 ns; 27.932 ns] (CI 99.9%), Margin = 0.539 ns (1.97% of Mean)
Skewness = 0.68, Kurtosis = 2.75, MValue = 2

// ** Remained 1 (25.0 %) benchmark(s) to run. Estimated finish 2026-08-11 17:09 (0h 0m from now) **
Setup power plan (GUID: 8c5e7fda-e8bf-4a96-9a85-a6e23a8c635c FriendlyName: Высокая производительность)
// **************************
// Benchmark: ContentionBenchmarks.Bus_Publish: Job-CNUJVU(InvocationCount=1, UnrollFactor=1) [Writers=8]
// *** Execute ***
// Launch: 1 / 1
// Execute: dotnet SCADA.Benchmarks-Job-CNUJVU-1.dll --anonymousPipes 2100 2096 --benchmarkName "SCADA.Benchmarks.ContentionBenchmarks.Bus_Publish(Writers: 8)" --job "InvocationCount=1, UnrollFactor=1" --benchmarkId 3 in E:\CSharp\scada\SCADA.Benchmarks\bin\Release\net10.0\SCADA.Benchmarks-Job-CNUJVU-1\bin\Release\net10.0
// BeforeAnythingElse

// Benchmark Process Environment Information:
// BenchmarkDotNet v0.15.8
// Runtime=.NET 10.0.10 (10.0.10, 10.0.1026.32716), X64 RyuJIT x86-64-v3
// GC=Concurrent Workstation
// HardwareIntrinsics=AVX2+BMI1+BMI2+F16C+FMA+LZCNT+MOVBE,AVX,SSE3+SSSE3+SSE4.1+SSE4.2+POPCNT,X86Base+SSE+SSE2,AES+PCLMUL VectorSize=256
// Job: Job-CNUJVU(InvocationCount=1, UnrollFactor=1)

OverheadJitting  1: 400000 op, 152000.00 ns, 0.3800 ns/op
WorkloadJitting  1: 400000 op, 57777900.00 ns, 144.4448 ns/op

OverheadWarmup   1: 400000 op, 500.00 ns, 0.0013 ns/op
OverheadWarmup   2: 400000 op, 200.00 ns, 0.0005 ns/op
OverheadWarmup   3: 400000 op, 100.00 ns, 0.0003 ns/op
OverheadWarmup   4: 400000 op, 200.00 ns, 0.0005 ns/op
OverheadWarmup   5: 400000 op, 200.00 ns, 0.0005 ns/op
OverheadWarmup   6: 400000 op, 100.00 ns, 0.0003 ns/op
OverheadWarmup   7: 400000 op, 200.00 ns, 0.0005 ns/op

OverheadActual   1: 400000 op, 600.00 ns, 0.0015 ns/op
OverheadActual   2: 400000 op, 400.00 ns, 0.0010 ns/op
OverheadActual   3: 400000 op, 300.00 ns, 0.0008 ns/op
OverheadActual   4: 400000 op, 600.00 ns, 0.0015 ns/op
OverheadActual   5: 400000 op, 1300.00 ns, 0.0033 ns/op
OverheadActual   6: 400000 op, 300.00 ns, 0.0008 ns/op
OverheadActual   7: 400000 op, 300.00 ns, 0.0008 ns/op
OverheadActual   8: 400000 op, 300.00 ns, 0.0008 ns/op
OverheadActual   9: 400000 op, 100.00 ns, 0.0003 ns/op
OverheadActual  10: 400000 op, 100.00 ns, 0.0003 ns/op
OverheadActual  11: 400000 op, 100.00 ns, 0.0003 ns/op
OverheadActual  12: 400000 op, 200.00 ns, 0.0005 ns/op
OverheadActual  13: 400000 op, 100.00 ns, 0.0003 ns/op
OverheadActual  14: 400000 op, 100.00 ns, 0.0003 ns/op
OverheadActual  15: 400000 op, 100.00 ns, 0.0003 ns/op
OverheadActual  16: 400000 op, 200.00 ns, 0.0005 ns/op
OverheadActual  17: 400000 op, 200.00 ns, 0.0005 ns/op
OverheadActual  18: 400000 op, 200.00 ns, 0.0005 ns/op
OverheadActual  19: 400000 op, 200.00 ns, 0.0005 ns/op
OverheadActual  20: 400000 op, 200.00 ns, 0.0005 ns/op

WorkloadWarmup   1: 400000 op, 50167100.00 ns, 125.4178 ns/op
WorkloadWarmup   2: 400000 op, 49318700.00 ns, 123.2968 ns/op
WorkloadWarmup   3: 400000 op, 49078500.00 ns, 122.6963 ns/op
WorkloadWarmup   4: 400000 op, 48827300.00 ns, 122.0683 ns/op
WorkloadWarmup   5: 400000 op, 48706400.00 ns, 121.7660 ns/op
WorkloadWarmup   6: 400000 op, 47094600.00 ns, 117.7365 ns/op
WorkloadWarmup   7: 400000 op, 46734800.00 ns, 116.8370 ns/op
WorkloadWarmup   8: 400000 op, 49435200.00 ns, 123.5880 ns/op
WorkloadWarmup   9: 400000 op, 48850600.00 ns, 122.1265 ns/op
WorkloadWarmup  10: 400000 op, 48706800.00 ns, 121.7670 ns/op
WorkloadWarmup  11: 400000 op, 50361800.00 ns, 125.9045 ns/op
WorkloadWarmup  12: 400000 op, 48423600.00 ns, 121.0590 ns/op

// BeforeActualRun
WorkloadActual   1: 400000 op, 47734200.00 ns, 119.3355 ns/op
WorkloadActual   2: 400000 op, 48467000.00 ns, 121.1675 ns/op
WorkloadActual   3: 400000 op, 47966500.00 ns, 119.9163 ns/op
WorkloadActual   4: 400000 op, 48013300.00 ns, 120.0333 ns/op
WorkloadActual   5: 400000 op, 45892800.00 ns, 114.7320 ns/op
WorkloadActual   6: 400000 op, 47005700.00 ns, 117.5143 ns/op
WorkloadActual   7: 400000 op, 47469400.00 ns, 118.6735 ns/op
WorkloadActual   8: 400000 op, 47549000.00 ns, 118.8725 ns/op
WorkloadActual   9: 400000 op, 48816400.00 ns, 122.0410 ns/op
WorkloadActual  10: 400000 op, 44499200.00 ns, 111.2480 ns/op
WorkloadActual  11: 400000 op, 44747800.00 ns, 111.8695 ns/op
WorkloadActual  12: 400000 op, 42788500.00 ns, 106.9713 ns/op
WorkloadActual  13: 400000 op, 44550000.00 ns, 111.3750 ns/op
WorkloadActual  14: 400000 op, 43251000.00 ns, 108.1275 ns/op
WorkloadActual  15: 400000 op, 44260000.00 ns, 110.6500 ns/op
WorkloadActual  16: 400000 op, 43999100.00 ns, 109.9978 ns/op
WorkloadActual  17: 400000 op, 45058000.00 ns, 112.6450 ns/op
WorkloadActual  18: 400000 op, 44017300.00 ns, 110.0433 ns/op
WorkloadActual  19: 400000 op, 43454900.00 ns, 108.6373 ns/op
WorkloadActual  20: 400000 op, 45292500.00 ns, 113.2313 ns/op
WorkloadActual  21: 400000 op, 43912300.00 ns, 109.7808 ns/op
WorkloadActual  22: 400000 op, 44220100.00 ns, 110.5503 ns/op
WorkloadActual  23: 400000 op, 44766000.00 ns, 111.9150 ns/op
WorkloadActual  24: 400000 op, 45549900.00 ns, 113.8748 ns/op
WorkloadActual  25: 400000 op, 45834100.00 ns, 114.5853 ns/op
WorkloadActual  26: 400000 op, 44430600.00 ns, 111.0765 ns/op
WorkloadActual  27: 400000 op, 43274300.00 ns, 108.1858 ns/op
WorkloadActual  28: 400000 op, 44572100.00 ns, 111.4303 ns/op
WorkloadActual  29: 400000 op, 42868500.00 ns, 107.1713 ns/op
WorkloadActual  30: 400000 op, 43081200.00 ns, 107.7030 ns/op
WorkloadActual  31: 400000 op, 44714400.00 ns, 111.7860 ns/op
WorkloadActual  32: 400000 op, 43141300.00 ns, 107.8533 ns/op
WorkloadActual  33: 400000 op, 44284600.00 ns, 110.7115 ns/op
WorkloadActual  34: 400000 op, 43612900.00 ns, 109.0323 ns/op
WorkloadActual  35: 400000 op, 42888400.00 ns, 107.2210 ns/op
WorkloadActual  36: 400000 op, 43173600.00 ns, 107.9340 ns/op
WorkloadActual  37: 400000 op, 44874700.00 ns, 112.1868 ns/op
WorkloadActual  38: 400000 op, 44269400.00 ns, 110.6735 ns/op
WorkloadActual  39: 400000 op, 44213000.00 ns, 110.5325 ns/op
WorkloadActual  40: 400000 op, 45345000.00 ns, 113.3625 ns/op
WorkloadActual  41: 400000 op, 45651400.00 ns, 114.1285 ns/op

// AfterActualRun
WorkloadResult   1: 400000 op, 47734000.00 ns, 119.3350 ns/op
WorkloadResult   2: 400000 op, 47966300.00 ns, 119.9158 ns/op
WorkloadResult   3: 400000 op, 48013100.00 ns, 120.0328 ns/op
WorkloadResult   4: 400000 op, 45892600.00 ns, 114.7315 ns/op
WorkloadResult   5: 400000 op, 47005500.00 ns, 117.5138 ns/op
WorkloadResult   6: 400000 op, 47469200.00 ns, 118.6730 ns/op
WorkloadResult   7: 400000 op, 47548800.00 ns, 118.8720 ns/op
WorkloadResult   8: 400000 op, 44499000.00 ns, 111.2475 ns/op
WorkloadResult   9: 400000 op, 44747600.00 ns, 111.8690 ns/op
WorkloadResult  10: 400000 op, 42788300.00 ns, 106.9708 ns/op
WorkloadResult  11: 400000 op, 44549800.00 ns, 111.3745 ns/op
WorkloadResult  12: 400000 op, 43250800.00 ns, 108.1270 ns/op
WorkloadResult  13: 400000 op, 44259800.00 ns, 110.6495 ns/op
WorkloadResult  14: 400000 op, 43998900.00 ns, 109.9973 ns/op
WorkloadResult  15: 400000 op, 45057800.00 ns, 112.6445 ns/op
WorkloadResult  16: 400000 op, 44017100.00 ns, 110.0428 ns/op
WorkloadResult  17: 400000 op, 43454700.00 ns, 108.6368 ns/op
WorkloadResult  18: 400000 op, 45292300.00 ns, 113.2308 ns/op
WorkloadResult  19: 400000 op, 43912100.00 ns, 109.7803 ns/op
WorkloadResult  20: 400000 op, 44219900.00 ns, 110.5498 ns/op
WorkloadResult  21: 400000 op, 44765800.00 ns, 111.9145 ns/op
WorkloadResult  22: 400000 op, 45549700.00 ns, 113.8743 ns/op
WorkloadResult  23: 400000 op, 45833900.00 ns, 114.5848 ns/op
WorkloadResult  24: 400000 op, 44430400.00 ns, 111.0760 ns/op
WorkloadResult  25: 400000 op, 43274100.00 ns, 108.1853 ns/op
WorkloadResult  26: 400000 op, 44571900.00 ns, 111.4298 ns/op
WorkloadResult  27: 400000 op, 42868300.00 ns, 107.1708 ns/op
WorkloadResult  28: 400000 op, 43081000.00 ns, 107.7025 ns/op
WorkloadResult  29: 400000 op, 44714200.00 ns, 111.7855 ns/op
WorkloadResult  30: 400000 op, 43141100.00 ns, 107.8528 ns/op
WorkloadResult  31: 400000 op, 44284400.00 ns, 110.7110 ns/op
WorkloadResult  32: 400000 op, 43612700.00 ns, 109.0318 ns/op
WorkloadResult  33: 400000 op, 42888200.00 ns, 107.2205 ns/op
WorkloadResult  34: 400000 op, 43173400.00 ns, 107.9335 ns/op
WorkloadResult  35: 400000 op, 44874500.00 ns, 112.1863 ns/op
WorkloadResult  36: 400000 op, 44269200.00 ns, 110.6730 ns/op
WorkloadResult  37: 400000 op, 44212800.00 ns, 110.5320 ns/op
WorkloadResult  38: 400000 op, 45344800.00 ns, 113.3620 ns/op
WorkloadResult  39: 400000 op, 45651200.00 ns, 114.1280 ns/op
// GC:  0 0 0 3400 400000
// Threading:  9 0 400000

// AfterAll
// Benchmark Process 3328 has exited with code 0.

Mean = 111.937 ns, StdErr = 0.596 ns (0.53%), N = 39, StdDev = 3.723 ns
Min = 106.971 ns, Q1 = 109.406 ns, Median = 111.248 ns, Q3 = 113.618 ns, Max = 120.033 ns
IQR = 4.212 ns, LowerFence = 103.088 ns, UpperFence = 119.936 ns
ConfidenceInterval = [109.811 ns; 114.063 ns] (CI 99.9%), Margin = 2.126 ns (1.90% of Mean)
Skewness = 0.78, Kurtosis = 2.67, MValue = 2

// ** Remained 0 (0.0 %) benchmark(s) to run. Estimated finish 2026-08-11 17:09 (0h 0m from now) **
Successfully reverted power plan (GUID: 381b4222-f694-41f0-9685-ff5bb260df2e FriendlyName: Сбалансированная)
// ***** BenchmarkRunner: Finish  *****

// * Export *
  BenchmarkDotNet.Artifacts\results\SCADA.Benchmarks.ContentionBenchmarks-report.csv
  BenchmarkDotNet.Artifacts\results\SCADA.Benchmarks.ContentionBenchmarks-report-github.md
  BenchmarkDotNet.Artifacts\results\SCADA.Benchmarks.ContentionBenchmarks-report.html

// * Detailed results *
ContentionBenchmarks.TagTable_Write: Job-CNUJVU(InvocationCount=1, UnrollFactor=1) [Writers=4]
Runtime = .NET 10.0.10 (10.0.10, 10.0.1026.32716), X64 RyuJIT x86-64-v3; GC = Concurrent Workstation
Mean = 28.613 ns, StdErr = 0.214 ns (0.75%), N = 100, StdDev = 2.141 ns
Min = 23.943 ns, Q1 = 26.909 ns, Median = 28.581 ns, Q3 = 30.310 ns, Max = 33.886 ns
IQR = 3.401 ns, LowerFence = 21.808 ns, UpperFence = 35.411 ns
ConfidenceInterval = [27.887 ns; 29.339 ns] (CI 99.9%), Margin = 0.726 ns (2.54% of Mean)
Skewness = -0.18, Kurtosis = 2.18, MValue = 2.76
-------------------- Histogram --------------------
[23.338 ns ; 24.460 ns) | @@
[24.460 ns ; 26.166 ns) | @@@@@@@@@@
[26.166 ns ; 27.505 ns) | @@@@@@@@@@@@@@@@@@@@
[27.505 ns ; 28.716 ns) | @@@@@@@@@@@@@@@@@@@@
[28.716 ns ; 29.975 ns) | @@@@@@@@@@
[29.975 ns ; 31.186 ns) | @@@@@@@@@@@@@@@@@@@@@@@@@@@@@
[31.186 ns ; 32.205 ns) | @@@@@@@@
[32.205 ns ; 33.280 ns) | 
[33.280 ns ; 34.491 ns) | @
---------------------------------------------------

ContentionBenchmarks.Bus_Publish: Job-CNUJVU(InvocationCount=1, UnrollFactor=1) [Writers=4]
Runtime = .NET 10.0.10 (10.0.10, 10.0.1026.32716), X64 RyuJIT x86-64-v3; GC = Concurrent Workstation
Mean = 73.617 ns, StdErr = 0.929 ns (1.26%), N = 100, StdDev = 9.290 ns
Min = 55.047 ns, Q1 = 68.003 ns, Median = 71.622 ns, Q3 = 78.748 ns, Max = 92.769 ns
IQR = 10.745 ns, LowerFence = 51.885 ns, UpperFence = 94.866 ns
ConfidenceInterval = [70.466 ns; 76.767 ns] (CI 99.9%), Margin = 3.151 ns (4.28% of Mean)
Skewness = 0.41, Kurtosis = 2.43, MValue = 2.67
-------------------- Histogram --------------------
[52.419 ns ; 58.438 ns) | @@@
[58.438 ns ; 63.692 ns) | @@@@@@@@@@@
[63.692 ns ; 67.938 ns) | @@@@@@@@@
[67.938 ns ; 73.192 ns) | @@@@@@@@@@@@@@@@@@@@@@@@@@@@@@@@@@@@@@@
[73.192 ns ; 78.632 ns) | @@@@@@@@@@@@@
[78.632 ns ; 81.088 ns) | @@
[81.088 ns ; 86.342 ns) | @@@@@@@@@@
[86.342 ns ; 92.957 ns) | @@@@@@@@@@@@@
---------------------------------------------------

ContentionBenchmarks.TagTable_Write: Job-CNUJVU(InvocationCount=1, UnrollFactor=1) [Writers=8]
Runtime = .NET 10.0.10 (10.0.10, 10.0.1026.32716), X64 RyuJIT x86-64-v3; GC = Concurrent Workstation
Mean = 27.393 ns, StdErr = 0.148 ns (0.54%), N = 32, StdDev = 0.840 ns
Min = 25.950 ns, Q1 = 26.706 ns, Median = 27.215 ns, Q3 = 27.937 ns, Max = 29.500 ns
IQR = 1.231 ns, LowerFence = 24.859 ns, UpperFence = 29.783 ns
ConfidenceInterval = [26.853 ns; 27.932 ns] (CI 99.9%), Margin = 0.539 ns (1.97% of Mean)
Skewness = 0.68, Kurtosis = 2.75, MValue = 2
-------------------- Histogram --------------------
[25.916 ns ; 26.591 ns) | @@@@
[26.591 ns ; 27.285 ns) | @@@@@@@@@@@@@@
[27.285 ns ; 28.021 ns) | @@@@@@@@
[28.021 ns ; 29.008 ns) | @@@@@
[29.008 ns ; 29.847 ns) | @
---------------------------------------------------

ContentionBenchmarks.Bus_Publish: Job-CNUJVU(InvocationCount=1, UnrollFactor=1) [Writers=8]
Runtime = .NET 10.0.10 (10.0.10, 10.0.1026.32716), X64 RyuJIT x86-64-v3; GC = Concurrent Workstation
Mean = 111.937 ns, StdErr = 0.596 ns (0.53%), N = 39, StdDev = 3.723 ns
Min = 106.971 ns, Q1 = 109.406 ns, Median = 111.248 ns, Q3 = 113.618 ns, Max = 120.033 ns
IQR = 4.212 ns, LowerFence = 103.088 ns, UpperFence = 119.936 ns
ConfidenceInterval = [109.811 ns; 114.063 ns] (CI 99.9%), Margin = 2.126 ns (1.90% of Mean)
Skewness = 0.78, Kurtosis = 2.67, MValue = 2
-------------------- Histogram --------------------
[106.560 ns ; 109.771 ns) | @@@@@@@@@@
[109.771 ns ; 112.653 ns) | @@@@@@@@@@@@@@@@@
[112.653 ns ; 117.332 ns) | @@@@@@
[117.332 ns ; 120.214 ns) | @@@@@@
---------------------------------------------------

// * Summary *

BenchmarkDotNet v0.15.8, Windows 11 (10.0.26200.8655/25H2/2025Update/HudsonValley2)
AMD Ryzen 5 5600G with Radeon Graphics 3.90GHz, 1 CPU, 12 logical and 6 physical cores
.NET SDK 10.0.302
  [Host]     : .NET 10.0.10 (10.0.10, 10.0.1026.32716), X64 RyuJIT x86-64-v3
  Job-CNUJVU : .NET 10.0.10 (10.0.10, 10.0.1026.32716), X64 RyuJIT x86-64-v3

InvocationCount=1  UnrollFactor=1  

| Method         | Writers | Mean      | Error    | StdDev   | Ratio | RatioSD | Allocated | Alloc Ratio |
|--------------- |-------- |----------:|---------:|---------:|------:|--------:|----------:|------------:|
| TagTable_Write | 4       |  28.61 ns | 0.726 ns | 2.141 ns |  1.01 |    0.11 |         - |          NA |
| Bus_Publish    | 4       |  73.62 ns | 3.151 ns | 9.290 ns |  2.59 |    0.38 |         - |          NA |
|                |         |           |          |          |       |         |           |             |
| TagTable_Write | 8       |  27.39 ns | 0.539 ns | 0.840 ns |  1.00 |    0.04 |         - |          NA |
| Bus_Publish    | 8       | 111.94 ns | 2.126 ns | 3.723 ns |  4.09 |    0.18 |         - |          NA |

// * Warnings *
MinIterationTime
  ContentionBenchmarks.TagTable_Write: InvocationCount=1, UnrollFactor=1 -> The minimum observed iteration time is 9.578ms which is very small. It's recommended to increase it to at least 100ms using more operations.
  ContentionBenchmarks.Bus_Publish: InvocationCount=1, UnrollFactor=1    -> The minimum observed iteration time is 22.019ms which is very small. It's recommended to increase it to at least 100ms using more operations.
  ContentionBenchmarks.TagTable_Write: InvocationCount=1, UnrollFactor=1 -> The minimum observed iteration time is 10.38ms which is very small. It's recommended to increase it to at least 100ms using more operations.
  ContentionBenchmarks.Bus_Publish: InvocationCount=1, UnrollFactor=1    -> The minimum observed iteration time is 42.789ms which is very small. It's recommended to increase it to at least 100ms using more operations.

// * Hints *
Outliers
  ContentionBenchmarks.Bus_Publish: InvocationCount=1, UnrollFactor=1 -> 2 outliers were removed (121.17 ns, 122.04 ns)

// * Legends *
  Writers     : Value of the 'Writers' parameter
  Mean        : Arithmetic mean of all measurements
  Error       : Half of 99.9% confidence interval
  StdDev      : Standard deviation of all measurements
  Ratio       : Mean of the ratio distribution ([Current]/[Baseline])
  RatioSD     : Standard deviation of the ratio distribution ([Current]/[Baseline])
  Allocated   : Allocated memory per single operation (managed only, inclusive, 1KB = 1024B)
  Alloc Ratio : Allocated memory ratio distribution ([Current]/[Baseline])
  1 ns        : 1 Nanosecond (0.000000001 sec)

// * Diagnostic Output - MemoryDiagnoser *


// ***** BenchmarkRunner: End *****
Run time: 00:00:10 (10 sec), executed benchmarks: 4

Global total time: 00:00:23 (23.27 sec), executed benchmarks: 4
// * Artifacts cleanup *
Artifacts cleanup is finished
