// Validating benchmarks:
// ***** BenchmarkRunner: Start   *****
// ***** Found 1 benchmark(s) in total *****
// ***** Building 1 exe(s) in Parallel: Start   *****
// start dotnet  restore --nodeReuse:false /p:UseSharedCompilation=false /p:Deterministic=true /p:Optimize=true /p:ArtifactsPath="E:\CSharp\scada\SCADA.Benchmarks\bin\Release\net10.0\SCADA.Benchmarks-DefaultJob-1/" /p:OutDir="E:\CSharp\scada\SCADA.Benchmarks\bin\Release\net10.0\SCADA.Benchmarks-DefaultJob-1\bin\Release\net10.0/" /p:OutputPath="E:\CSharp\scada\SCADA.Benchmarks\bin\Release\net10.0\SCADA.Benchmarks-DefaultJob-1\bin\Release\net10.0/" /p:PublishDir="E:\CSharp\scada\SCADA.Benchmarks\bin\Release\net10.0\SCADA.Benchmarks-DefaultJob-1\publish/" in E:\CSharp\scada\SCADA.Benchmarks\bin\Release\net10.0\SCADA.Benchmarks-DefaultJob-1
// command took 2.01 sec and exited with 0
// start dotnet  build -c Release --no-restore --nodeReuse:false /p:UseSharedCompilation=false /p:Deterministic=true /p:Optimize=true /p:ArtifactsPath="E:\CSharp\scada\SCADA.Benchmarks\bin\Release\net10.0\SCADA.Benchmarks-DefaultJob-1/" /p:OutDir="E:\CSharp\scada\SCADA.Benchmarks\bin\Release\net10.0\SCADA.Benchmarks-DefaultJob-1\bin\Release\net10.0/" /p:OutputPath="E:\CSharp\scada\SCADA.Benchmarks\bin\Release\net10.0\SCADA.Benchmarks-DefaultJob-1\bin\Release\net10.0/" /p:PublishDir="E:\CSharp\scada\SCADA.Benchmarks\bin\Release\net10.0\SCADA.Benchmarks-DefaultJob-1\publish/" --output "E:\CSharp\scada\SCADA.Benchmarks\bin\Release\net10.0\SCADA.Benchmarks-DefaultJob-1\bin\Release\net10.0/" in E:\CSharp\scada\SCADA.Benchmarks\bin\Release\net10.0\SCADA.Benchmarks-DefaultJob-1
// command took 15.3 sec and exited with 0
// ***** Done, took 00:00:17 (17.4 sec)   *****
// Found 1 benchmarks:
//   ExpressionBenchmarks.Evaluate: DefaultJob

Setup power plan (GUID: 8c5e7fda-e8bf-4a96-9a85-a6e23a8c635c FriendlyName: Высокая производительность)
// **************************
// Benchmark: ExpressionBenchmarks.Evaluate: DefaultJob
// *** Execute ***
// Launch: 1 / 1
// Execute: dotnet SCADA.Benchmarks-DefaultJob-1.dll --anonymousPipes 1380 2064 --benchmarkName SCADA.Benchmarks.ExpressionBenchmarks.Evaluate --job Default --benchmarkId 0 in E:\CSharp\scada\SCADA.Benchmarks\bin\Release\net10.0\SCADA.Benchmarks-DefaultJob-1\bin\Release\net10.0
// BeforeAnythingElse

// Benchmark Process Environment Information:
// BenchmarkDotNet v0.15.8
// Runtime=.NET 10.0.10 (10.0.10, 10.0.1026.32716), X64 RyuJIT x86-64-v3
// GC=Concurrent Workstation
// HardwareIntrinsics=AVX2+BMI1+BMI2+F16C+FMA+LZCNT+MOVBE,AVX,SSE3+SSSE3+SSE4.1+SSE4.2+POPCNT,X86Base+SSE+SSE2,AES+PCLMUL VectorSize=256
// Job: DefaultJob

OverheadJitting  1: 1 op, 249000.00 ns, 249.0000 us/op
WorkloadJitting  1: 1 op, 3423900.00 ns, 3.4239 ms/op

OverheadJitting  2: 16 op, 383300.00 ns, 23.9563 us/op
WorkloadJitting  2: 16 op, 334300.00 ns, 20.8938 us/op

WorkloadPilot    1: 16 op, 2300.00 ns, 143.7500 ns/op
WorkloadPilot    2: 32 op, 3000.00 ns, 93.7500 ns/op
WorkloadPilot    3: 64 op, 5300.00 ns, 82.8125 ns/op
WorkloadPilot    4: 128 op, 8000.00 ns, 62.5000 ns/op
WorkloadPilot    5: 256 op, 16800.00 ns, 65.6250 ns/op
WorkloadPilot    6: 512 op, 27000.00 ns, 52.7344 ns/op
WorkloadPilot    7: 1024 op, 50500.00 ns, 49.3164 ns/op
WorkloadPilot    8: 2048 op, 105800.00 ns, 51.6602 ns/op
WorkloadPilot    9: 4096 op, 243100.00 ns, 59.3506 ns/op
WorkloadPilot   10: 8192 op, 473100.00 ns, 57.7515 ns/op
WorkloadPilot   11: 16384 op, 912400.00 ns, 55.6885 ns/op
WorkloadPilot   12: 32768 op, 1828500.00 ns, 55.8014 ns/op
WorkloadPilot   13: 65536 op, 3597100.00 ns, 54.8874 ns/op
WorkloadPilot   14: 131072 op, 7516400.00 ns, 57.3456 ns/op
WorkloadPilot   15: 262144 op, 14473000.00 ns, 55.2101 ns/op
WorkloadPilot   16: 524288 op, 29019700.00 ns, 55.3507 ns/op
WorkloadPilot   17: 1048576 op, 60400400.00 ns, 57.6023 ns/op
WorkloadPilot   18: 2097152 op, 63226200.00 ns, 30.1486 ns/op
WorkloadPilot   19: 4194304 op, 84995500.00 ns, 20.2645 ns/op
WorkloadPilot   20: 8388608 op, 173591500.00 ns, 20.6937 ns/op
WorkloadPilot   21: 16777216 op, 348668500.00 ns, 20.7823 ns/op
WorkloadPilot   22: 33554432 op, 688867700.00 ns, 20.5299 ns/op

OverheadWarmup   1: 33554432 op, 64169300.00 ns, 1.9124 ns/op
OverheadWarmup   2: 33554432 op, 57621000.00 ns, 1.7172 ns/op
OverheadWarmup   3: 33554432 op, 57798200.00 ns, 1.7225 ns/op
OverheadWarmup   4: 33554432 op, 60816100.00 ns, 1.8125 ns/op
OverheadWarmup   5: 33554432 op, 41393600.00 ns, 1.2336 ns/op
OverheadWarmup   6: 33554432 op, 41623500.00 ns, 1.2405 ns/op
OverheadWarmup   7: 33554432 op, 41556900.00 ns, 1.2385 ns/op

OverheadActual   1: 33554432 op, 41380300.00 ns, 1.2332 ns/op
OverheadActual   2: 33554432 op, 41465300.00 ns, 1.2358 ns/op
OverheadActual   3: 33554432 op, 41798400.00 ns, 1.2457 ns/op
OverheadActual   4: 33554432 op, 41201900.00 ns, 1.2279 ns/op
OverheadActual   5: 33554432 op, 41952100.00 ns, 1.2503 ns/op
OverheadActual   6: 33554432 op, 42607200.00 ns, 1.2698 ns/op
OverheadActual   7: 33554432 op, 41813000.00 ns, 1.2461 ns/op
OverheadActual   8: 33554432 op, 42048500.00 ns, 1.2531 ns/op
OverheadActual   9: 33554432 op, 41619400.00 ns, 1.2404 ns/op
OverheadActual  10: 33554432 op, 41385800.00 ns, 1.2334 ns/op
OverheadActual  11: 33554432 op, 41254900.00 ns, 1.2295 ns/op
OverheadActual  12: 33554432 op, 41697400.00 ns, 1.2427 ns/op
OverheadActual  13: 33554432 op, 41734900.00 ns, 1.2438 ns/op
OverheadActual  14: 33554432 op, 42557000.00 ns, 1.2683 ns/op
OverheadActual  15: 33554432 op, 41453000.00 ns, 1.2354 ns/op

WorkloadWarmup   1: 33554432 op, 677831700.00 ns, 20.2010 ns/op
WorkloadWarmup   2: 33554432 op, 698899900.00 ns, 20.8288 ns/op
WorkloadWarmup   3: 33554432 op, 684803600.00 ns, 20.4087 ns/op
WorkloadWarmup   4: 33554432 op, 677428200.00 ns, 20.1889 ns/op
WorkloadWarmup   5: 33554432 op, 726600800.00 ns, 21.6544 ns/op
WorkloadWarmup   6: 33554432 op, 692377500.00 ns, 20.6345 ns/op

// BeforeActualRun
WorkloadActual   1: 33554432 op, 695710000.00 ns, 20.7338 ns/op
WorkloadActual   2: 33554432 op, 698504500.00 ns, 20.8171 ns/op
WorkloadActual   3: 33554432 op, 697267500.00 ns, 20.7802 ns/op
WorkloadActual   4: 33554432 op, 701088100.00 ns, 20.8941 ns/op
WorkloadActual   5: 33554432 op, 689713900.00 ns, 20.5551 ns/op
WorkloadActual   6: 33554432 op, 702592500.00 ns, 20.9389 ns/op
WorkloadActual   7: 33554432 op, 697974800.00 ns, 20.8013 ns/op
WorkloadActual   8: 33554432 op, 708749000.00 ns, 21.1224 ns/op
WorkloadActual   9: 33554432 op, 683408800.00 ns, 20.3672 ns/op
WorkloadActual  10: 33554432 op, 696976400.00 ns, 20.7715 ns/op
WorkloadActual  11: 33554432 op, 705446500.00 ns, 21.0239 ns/op
WorkloadActual  12: 33554432 op, 663705700.00 ns, 19.7800 ns/op
WorkloadActual  13: 33554432 op, 677272900.00 ns, 20.1843 ns/op
WorkloadActual  14: 33554432 op, 677497100.00 ns, 20.1910 ns/op
WorkloadActual  15: 33554432 op, 682661100.00 ns, 20.3449 ns/op

// AfterActualRun
WorkloadResult   1: 33554432 op, 654012600.00 ns, 19.4911 ns/op
WorkloadResult   2: 33554432 op, 656807100.00 ns, 19.5744 ns/op
WorkloadResult   3: 33554432 op, 655570100.00 ns, 19.5375 ns/op
WorkloadResult   4: 33554432 op, 659390700.00 ns, 19.6514 ns/op
WorkloadResult   5: 33554432 op, 648016500.00 ns, 19.3124 ns/op
WorkloadResult   6: 33554432 op, 660895100.00 ns, 19.6962 ns/op
WorkloadResult   7: 33554432 op, 656277400.00 ns, 19.5586 ns/op
WorkloadResult   8: 33554432 op, 667051600.00 ns, 19.8797 ns/op
WorkloadResult   9: 33554432 op, 641711400.00 ns, 19.1245 ns/op
WorkloadResult  10: 33554432 op, 655279000.00 ns, 19.5288 ns/op
WorkloadResult  11: 33554432 op, 663749100.00 ns, 19.7813 ns/op
WorkloadResult  12: 33554432 op, 622008300.00 ns, 18.5373 ns/op
WorkloadResult  13: 33554432 op, 635575500.00 ns, 18.9416 ns/op
WorkloadResult  14: 33554432 op, 635799700.00 ns, 18.9483 ns/op
WorkloadResult  15: 33554432 op, 640963700.00 ns, 19.1022 ns/op
// GC:  0 0 0 0 33554432
// Threading:  0 0 33554432

// AfterAll
// Benchmark Process 29060 has exited with code 0.

Mean = 19.378 ns, StdErr = 0.096 ns (0.50%), N = 15, StdDev = 0.373 ns
Min = 18.537 ns, Q1 = 19.113 ns, Median = 19.529 ns, Q3 = 19.613 ns, Max = 19.880 ns
IQR = 0.500 ns, LowerFence = 18.364 ns, UpperFence = 20.362 ns
ConfidenceInterval = [18.979 ns; 19.777 ns] (CI 99.9%), Margin = 0.399 ns (2.06% of Mean)
Skewness = -0.67, Kurtosis = 2.37, MValue = 2

// ** Remained 0 (0.0 %) benchmark(s) to run. Estimated finish 2026-08-12 17:09 (0h 0m from now) **
Successfully reverted power plan (GUID: 381b4222-f694-41f0-9685-ff5bb260df2e FriendlyName: Сбалансированная)
// ***** BenchmarkRunner: Finish  *****

// * Export *
  BenchmarkDotNet.Artifacts\results\SCADA.Benchmarks.ExpressionBenchmarks-report.csv
  BenchmarkDotNet.Artifacts\results\SCADA.Benchmarks.ExpressionBenchmarks-report-github.md
  BenchmarkDotNet.Artifacts\results\SCADA.Benchmarks.ExpressionBenchmarks-report.html

// * Detailed results *
ExpressionBenchmarks.Evaluate: DefaultJob
Runtime = .NET 10.0.10 (10.0.10, 10.0.1026.32716), X64 RyuJIT x86-64-v3; GC = Concurrent Workstation
Mean = 19.378 ns, StdErr = 0.096 ns (0.50%), N = 15, StdDev = 0.373 ns
Min = 18.537 ns, Q1 = 19.113 ns, Median = 19.529 ns, Q3 = 19.613 ns, Max = 19.880 ns
IQR = 0.500 ns, LowerFence = 18.364 ns, UpperFence = 20.362 ns
ConfidenceInterval = [18.979 ns; 19.777 ns] (CI 99.9%), Margin = 0.399 ns (2.06% of Mean)
Skewness = -0.67, Kurtosis = 2.37, MValue = 2
-------------------- Histogram --------------------
[18.339 ns ; 18.736 ns) | @
[18.736 ns ; 19.326 ns) | @@@@@
[19.326 ns ; 19.884 ns) | @@@@@@@@@
---------------------------------------------------

// * Summary *

BenchmarkDotNet v0.15.8, Windows 11 (10.0.26200.8655/25H2/2025Update/HudsonValley2)
AMD Ryzen 5 5600G with Radeon Graphics 3.90GHz, 1 CPU, 12 logical and 6 physical cores
.NET SDK 10.0.302
  [Host]     : .NET 10.0.10 (10.0.10, 10.0.1026.32716), X64 RyuJIT x86-64-v3
  DefaultJob : .NET 10.0.10 (10.0.10, 10.0.1026.32716), X64 RyuJIT x86-64-v3


| Method   | Mean     | Error    | StdDev   | Allocated |
|--------- |---------:|---------:|---------:|----------:|
| Evaluate | 19.38 ns | 0.399 ns | 0.373 ns |         - |

// * Legends *
  Mean      : Arithmetic mean of all measurements
  Error     : Half of 99.9% confidence interval
  StdDev    : Standard deviation of all measurements
  Allocated : Allocated memory per single operation (managed only, inclusive, 1KB = 1024B)
  1 ns      : 1 Nanosecond (0.000000001 sec)

// * Diagnostic Output - MemoryDiagnoser *


// ***** BenchmarkRunner: End *****
Run time: 00:00:18 (18.95 sec), executed benchmarks: 1

Global total time: 00:00:37 (37.16 sec), executed benchmarks: 1
// * Artifacts cleanup *
Artifacts cleanup is finished
