// Validating benchmarks:
// ***** BenchmarkRunner: Start   *****
// ***** Found 4 benchmark(s) in total *****
// ***** Building 1 exe(s) in Parallel: Start   *****
// start dotnet  restore --nodeReuse:false /p:UseSharedCompilation=false /p:Deterministic=true /p:Optimize=true /p:ArtifactsPath="E:\CSharp\scada\SCADA.Benchmarks\bin\Release\net10.0\SCADA.Benchmarks-Job-CNUJVU-1/" /p:OutDir="E:\CSharp\scada\SCADA.Benchmarks\bin\Release\net10.0\SCADA.Benchmarks-Job-CNUJVU-1\bin\Release\net10.0/" /p:OutputPath="E:\CSharp\scada\SCADA.Benchmarks\bin\Release\net10.0\SCADA.Benchmarks-Job-CNUJVU-1\bin\Release\net10.0/" /p:PublishDir="E:\CSharp\scada\SCADA.Benchmarks\bin\Release\net10.0\SCADA.Benchmarks-Job-CNUJVU-1\publish/" in E:\CSharp\scada\SCADA.Benchmarks\bin\Release\net10.0\SCADA.Benchmarks-Job-CNUJVU-1
// command took 1.54 sec and exited with 0
// start dotnet  build -c Release --no-restore --nodeReuse:false /p:UseSharedCompilation=false /p:Deterministic=true /p:Optimize=true /p:ArtifactsPath="E:\CSharp\scada\SCADA.Benchmarks\bin\Release\net10.0\SCADA.Benchmarks-Job-CNUJVU-1/" /p:OutDir="E:\CSharp\scada\SCADA.Benchmarks\bin\Release\net10.0\SCADA.Benchmarks-Job-CNUJVU-1\bin\Release\net10.0/" /p:OutputPath="E:\CSharp\scada\SCADA.Benchmarks\bin\Release\net10.0\SCADA.Benchmarks-Job-CNUJVU-1\bin\Release\net10.0/" /p:PublishDir="E:\CSharp\scada\SCADA.Benchmarks\bin\Release\net10.0\SCADA.Benchmarks-Job-CNUJVU-1\publish/" --output "E:\CSharp\scada\SCADA.Benchmarks\bin\Release\net10.0\SCADA.Benchmarks-Job-CNUJVU-1\bin\Release\net10.0/" in E:\CSharp\scada\SCADA.Benchmarks\bin\Release\net10.0\SCADA.Benchmarks-Job-CNUJVU-1
// command took 10.7 sec and exited with 0
// ***** Done, took 00:00:12 (12.31 sec)   *****
// Found 4 benchmarks:
//   ContentionBenchmarks.TagTable_Write: Job-CNUJVU(InvocationCount=1, UnrollFactor=1) [Writers=4]
//   ContentionBenchmarks.Bus_Publish: Job-CNUJVU(InvocationCount=1, UnrollFactor=1) [Writers=4]
//   ContentionBenchmarks.TagTable_Write: Job-CNUJVU(InvocationCount=1, UnrollFactor=1) [Writers=8]
//   ContentionBenchmarks.Bus_Publish: Job-CNUJVU(InvocationCount=1, UnrollFactor=1) [Writers=8]

Setup power plan (GUID: 8c5e7fda-e8bf-4a96-9a85-a6e23a8c635c FriendlyName: Высокая производительность)
// **************************
// Benchmark: ContentionBenchmarks.TagTable_Write: Job-CNUJVU(InvocationCount=1, UnrollFactor=1) [Writers=4]
// *** Execute ***
// Launch: 1 / 1
// Execute: dotnet SCADA.Benchmarks-Job-CNUJVU-1.dll --anonymousPipes 2060 2056 --benchmarkName "SCADA.Benchmarks.ContentionBenchmarks.TagTable_Write(Writers: 4)" --job "InvocationCount=1, UnrollFactor=1" --benchmarkId 0 in E:\CSharp\scada\SCADA.Benchmarks\bin\Release\net10.0\SCADA.Benchmarks-Job-CNUJVU-1\bin\Release\net10.0
// BeforeAnythingElse

// Benchmark Process Environment Information:
// BenchmarkDotNet v0.15.8
// Runtime=.NET 10.0.10 (10.0.10, 10.0.1026.32716), X64 RyuJIT x86-64-v3
// GC=Concurrent Workstation
// HardwareIntrinsics=AVX2+BMI1+BMI2+F16C+FMA+LZCNT+MOVBE,AVX,SSE3+SSSE3+SSE4.1+SSE4.2+POPCNT,X86Base+SSE+SSE2,AES+PCLMUL VectorSize=256
// Job: Job-CNUJVU(InvocationCount=1, UnrollFactor=1)

OverheadJitting  1: 2000000 op, 155500.00 ns, 0.0778 ns/op
WorkloadJitting  1: 2000000 op, 66588000.00 ns, 33.2940 ns/op

OverheadWarmup   1: 2000000 op, 500.00 ns, 0.0003 ns/op
OverheadWarmup   2: 2000000 op, 100.00 ns, 0.0001 ns/op
OverheadWarmup   3: 2000000 op, 200.00 ns, 0.0001 ns/op
OverheadWarmup   4: 2000000 op, 100.00 ns, 0.0001 ns/op
OverheadWarmup   5: 2000000 op, 200.00 ns, 0.0001 ns/op
OverheadWarmup   6: 2000000 op, 200.00 ns, 0.0001 ns/op

OverheadActual   1: 2000000 op, 700.00 ns, 0.0004 ns/op
OverheadActual   2: 2000000 op, 1700.00 ns, 0.0009 ns/op
OverheadActual   3: 2000000 op, 500.00 ns, 0.0003 ns/op
OverheadActual   4: 2000000 op, 200.00 ns, 0.0001 ns/op
OverheadActual   5: 2000000 op, 100.00 ns, 0.0001 ns/op
OverheadActual   6: 2000000 op, 200.00 ns, 0.0001 ns/op
OverheadActual   7: 2000000 op, 200.00 ns, 0.0001 ns/op
OverheadActual   8: 2000000 op, 200.00 ns, 0.0001 ns/op
OverheadActual   9: 2000000 op, 200.00 ns, 0.0001 ns/op
OverheadActual  10: 2000000 op, 200.00 ns, 0.0001 ns/op
OverheadActual  11: 2000000 op, 100.00 ns, 0.0001 ns/op
OverheadActual  12: 2000000 op, 100.00 ns, 0.0001 ns/op
OverheadActual  13: 2000000 op, 200.00 ns, 0.0001 ns/op
OverheadActual  14: 2000000 op, 200.00 ns, 0.0001 ns/op
OverheadActual  15: 2000000 op, 200.00 ns, 0.0001 ns/op
OverheadActual  16: 2000000 op, 200.00 ns, 0.0001 ns/op
OverheadActual  17: 2000000 op, 200.00 ns, 0.0001 ns/op
OverheadActual  18: 2000000 op, 100.00 ns, 0.0001 ns/op
OverheadActual  19: 2000000 op, 200.00 ns, 0.0001 ns/op
OverheadActual  20: 2000000 op, 200.00 ns, 0.0001 ns/op

WorkloadWarmup   1: 2000000 op, 55397000.00 ns, 27.6985 ns/op
WorkloadWarmup   2: 2000000 op, 52071000.00 ns, 26.0355 ns/op
WorkloadWarmup   3: 2000000 op, 61764600.00 ns, 30.8823 ns/op
WorkloadWarmup   4: 2000000 op, 57717200.00 ns, 28.8586 ns/op
WorkloadWarmup   5: 2000000 op, 49799700.00 ns, 24.8999 ns/op
WorkloadWarmup   6: 2000000 op, 58330900.00 ns, 29.1655 ns/op
WorkloadWarmup   7: 2000000 op, 59554600.00 ns, 29.7773 ns/op
WorkloadWarmup   8: 2000000 op, 54670400.00 ns, 27.3352 ns/op

// BeforeActualRun
WorkloadActual   1: 2000000 op, 52578800.00 ns, 26.2894 ns/op
WorkloadActual   2: 2000000 op, 60510400.00 ns, 30.2552 ns/op
WorkloadActual   3: 2000000 op, 58908800.00 ns, 29.4544 ns/op
WorkloadActual   4: 2000000 op, 59761700.00 ns, 29.8809 ns/op
WorkloadActual   5: 2000000 op, 57947700.00 ns, 28.9739 ns/op
WorkloadActual   6: 2000000 op, 56723300.00 ns, 28.3617 ns/op
WorkloadActual   7: 2000000 op, 60315600.00 ns, 30.1578 ns/op
WorkloadActual   8: 2000000 op, 56772900.00 ns, 28.3865 ns/op
WorkloadActual   9: 2000000 op, 60985000.00 ns, 30.4925 ns/op
WorkloadActual  10: 2000000 op, 55321900.00 ns, 27.6610 ns/op
WorkloadActual  11: 2000000 op, 51839900.00 ns, 25.9200 ns/op
WorkloadActual  12: 2000000 op, 49511700.00 ns, 24.7559 ns/op
WorkloadActual  13: 2000000 op, 59292900.00 ns, 29.6465 ns/op
WorkloadActual  14: 2000000 op, 61372900.00 ns, 30.6865 ns/op
WorkloadActual  15: 2000000 op, 54280200.00 ns, 27.1401 ns/op
WorkloadActual  16: 2000000 op, 58933600.00 ns, 29.4668 ns/op
WorkloadActual  17: 2000000 op, 60353700.00 ns, 30.1769 ns/op
WorkloadActual  18: 2000000 op, 52947200.00 ns, 26.4736 ns/op
WorkloadActual  19: 2000000 op, 57018300.00 ns, 28.5092 ns/op
WorkloadActual  20: 2000000 op, 59227600.00 ns, 29.6138 ns/op
WorkloadActual  21: 2000000 op, 53941700.00 ns, 26.9709 ns/op
WorkloadActual  22: 2000000 op, 62146200.00 ns, 31.0731 ns/op
WorkloadActual  23: 2000000 op, 59030900.00 ns, 29.5155 ns/op
WorkloadActual  24: 2000000 op, 58548000.00 ns, 29.2740 ns/op
WorkloadActual  25: 2000000 op, 56337300.00 ns, 28.1687 ns/op
WorkloadActual  26: 2000000 op, 55846000.00 ns, 27.9230 ns/op
WorkloadActual  27: 2000000 op, 56527300.00 ns, 28.2637 ns/op
WorkloadActual  28: 2000000 op, 59182200.00 ns, 29.5911 ns/op
WorkloadActual  29: 2000000 op, 61248300.00 ns, 30.6242 ns/op
WorkloadActual  30: 2000000 op, 51304300.00 ns, 25.6522 ns/op
WorkloadActual  31: 2000000 op, 54407800.00 ns, 27.2039 ns/op
WorkloadActual  32: 2000000 op, 54648400.00 ns, 27.3242 ns/op
WorkloadActual  33: 2000000 op, 58760300.00 ns, 29.3802 ns/op
WorkloadActual  34: 2000000 op, 61046300.00 ns, 30.5232 ns/op
WorkloadActual  35: 2000000 op, 60972300.00 ns, 30.4862 ns/op
WorkloadActual  36: 2000000 op, 51727500.00 ns, 25.8638 ns/op
WorkloadActual  37: 2000000 op, 60367300.00 ns, 30.1837 ns/op
WorkloadActual  38: 2000000 op, 54443900.00 ns, 27.2220 ns/op
WorkloadActual  39: 2000000 op, 61710600.00 ns, 30.8553 ns/op
WorkloadActual  40: 2000000 op, 59887600.00 ns, 29.9438 ns/op
WorkloadActual  41: 2000000 op, 57990700.00 ns, 28.9954 ns/op
WorkloadActual  42: 2000000 op, 59624000.00 ns, 29.8120 ns/op
WorkloadActual  43: 2000000 op, 51659700.00 ns, 25.8299 ns/op
WorkloadActual  44: 2000000 op, 61870100.00 ns, 30.9351 ns/op
WorkloadActual  45: 2000000 op, 58957000.00 ns, 29.4785 ns/op
WorkloadActual  46: 2000000 op, 59553700.00 ns, 29.7769 ns/op
WorkloadActual  47: 2000000 op, 58877400.00 ns, 29.4387 ns/op
WorkloadActual  48: 2000000 op, 56422100.00 ns, 28.2111 ns/op
WorkloadActual  49: 2000000 op, 60528600.00 ns, 30.2643 ns/op
WorkloadActual  50: 2000000 op, 62829100.00 ns, 31.4146 ns/op
WorkloadActual  51: 2000000 op, 53771100.00 ns, 26.8856 ns/op
WorkloadActual  52: 2000000 op, 49057400.00 ns, 24.5287 ns/op
WorkloadActual  53: 2000000 op, 53962100.00 ns, 26.9811 ns/op
WorkloadActual  54: 2000000 op, 53135400.00 ns, 26.5677 ns/op
WorkloadActual  55: 2000000 op, 51950700.00 ns, 25.9754 ns/op
WorkloadActual  56: 2000000 op, 58428600.00 ns, 29.2143 ns/op
WorkloadActual  57: 2000000 op, 58782600.00 ns, 29.3913 ns/op
WorkloadActual  58: 2000000 op, 58317200.00 ns, 29.1586 ns/op
WorkloadActual  59: 2000000 op, 49373500.00 ns, 24.6868 ns/op
WorkloadActual  60: 2000000 op, 53457700.00 ns, 26.7289 ns/op
WorkloadActual  61: 2000000 op, 50565200.00 ns, 25.2826 ns/op
WorkloadActual  62: 2000000 op, 57847500.00 ns, 28.9238 ns/op
WorkloadActual  63: 2000000 op, 52708800.00 ns, 26.3544 ns/op
WorkloadActual  64: 2000000 op, 58652200.00 ns, 29.3261 ns/op
WorkloadActual  65: 2000000 op, 60199100.00 ns, 30.0996 ns/op
WorkloadActual  66: 2000000 op, 55876400.00 ns, 27.9382 ns/op
WorkloadActual  67: 2000000 op, 52807100.00 ns, 26.4036 ns/op
WorkloadActual  68: 2000000 op, 54671300.00 ns, 27.3357 ns/op
WorkloadActual  69: 2000000 op, 61683600.00 ns, 30.8418 ns/op
WorkloadActual  70: 2000000 op, 58170400.00 ns, 29.0852 ns/op
WorkloadActual  71: 2000000 op, 59994900.00 ns, 29.9975 ns/op
WorkloadActual  72: 2000000 op, 60900300.00 ns, 30.4502 ns/op
WorkloadActual  73: 2000000 op, 62505700.00 ns, 31.2529 ns/op
WorkloadActual  74: 2000000 op, 60753000.00 ns, 30.3765 ns/op
WorkloadActual  75: 2000000 op, 60088500.00 ns, 30.0443 ns/op
WorkloadActual  76: 2000000 op, 60739200.00 ns, 30.3696 ns/op
WorkloadActual  77: 2000000 op, 62187300.00 ns, 31.0937 ns/op
WorkloadActual  78: 2000000 op, 58953400.00 ns, 29.4767 ns/op
WorkloadActual  79: 2000000 op, 59666100.00 ns, 29.8331 ns/op
WorkloadActual  80: 2000000 op, 55311700.00 ns, 27.6559 ns/op
WorkloadActual  81: 2000000 op, 60869100.00 ns, 30.4346 ns/op
WorkloadActual  82: 2000000 op, 61469800.00 ns, 30.7349 ns/op
WorkloadActual  83: 2000000 op, 57692500.00 ns, 28.8463 ns/op
WorkloadActual  84: 2000000 op, 52534800.00 ns, 26.2674 ns/op
WorkloadActual  85: 2000000 op, 53128400.00 ns, 26.5642 ns/op
WorkloadActual  86: 2000000 op, 58811400.00 ns, 29.4057 ns/op
WorkloadActual  87: 2000000 op, 54441800.00 ns, 27.2209 ns/op
WorkloadActual  88: 2000000 op, 57668000.00 ns, 28.8340 ns/op
WorkloadActual  89: 2000000 op, 56695700.00 ns, 28.3479 ns/op
WorkloadActual  90: 2000000 op, 54956400.00 ns, 27.4782 ns/op
WorkloadActual  91: 2000000 op, 60969700.00 ns, 30.4849 ns/op
WorkloadActual  92: 2000000 op, 56329900.00 ns, 28.1650 ns/op
WorkloadActual  93: 2000000 op, 61412700.00 ns, 30.7064 ns/op
WorkloadActual  94: 2000000 op, 61741800.00 ns, 30.8709 ns/op
WorkloadActual  95: 2000000 op, 60896900.00 ns, 30.4485 ns/op
WorkloadActual  96: 2000000 op, 55308900.00 ns, 27.6545 ns/op
WorkloadActual  97: 2000000 op, 51877500.00 ns, 25.9388 ns/op
WorkloadActual  98: 2000000 op, 49793400.00 ns, 24.8967 ns/op
WorkloadActual  99: 2000000 op, 49160000.00 ns, 24.5800 ns/op
WorkloadActual  100: 2000000 op, 58895400.00 ns, 29.4477 ns/op

// AfterActualRun
WorkloadResult   1: 2000000 op, 52578600.00 ns, 26.2893 ns/op
WorkloadResult   2: 2000000 op, 60510200.00 ns, 30.2551 ns/op
WorkloadResult   3: 2000000 op, 58908600.00 ns, 29.4543 ns/op
WorkloadResult   4: 2000000 op, 59761500.00 ns, 29.8808 ns/op
WorkloadResult   5: 2000000 op, 57947500.00 ns, 28.9738 ns/op
WorkloadResult   6: 2000000 op, 56723100.00 ns, 28.3616 ns/op
WorkloadResult   7: 2000000 op, 60315400.00 ns, 30.1577 ns/op
WorkloadResult   8: 2000000 op, 56772700.00 ns, 28.3864 ns/op
WorkloadResult   9: 2000000 op, 60984800.00 ns, 30.4924 ns/op
WorkloadResult  10: 2000000 op, 55321700.00 ns, 27.6609 ns/op
WorkloadResult  11: 2000000 op, 51839700.00 ns, 25.9199 ns/op
WorkloadResult  12: 2000000 op, 49511500.00 ns, 24.7558 ns/op
WorkloadResult  13: 2000000 op, 59292700.00 ns, 29.6464 ns/op
WorkloadResult  14: 2000000 op, 61372700.00 ns, 30.6864 ns/op
WorkloadResult  15: 2000000 op, 54280000.00 ns, 27.1400 ns/op
WorkloadResult  16: 2000000 op, 58933400.00 ns, 29.4667 ns/op
WorkloadResult  17: 2000000 op, 60353500.00 ns, 30.1768 ns/op
WorkloadResult  18: 2000000 op, 52947000.00 ns, 26.4735 ns/op
WorkloadResult  19: 2000000 op, 57018100.00 ns, 28.5091 ns/op
WorkloadResult  20: 2000000 op, 59227400.00 ns, 29.6137 ns/op
WorkloadResult  21: 2000000 op, 53941500.00 ns, 26.9708 ns/op
WorkloadResult  22: 2000000 op, 62146000.00 ns, 31.0730 ns/op
WorkloadResult  23: 2000000 op, 59030700.00 ns, 29.5154 ns/op
WorkloadResult  24: 2000000 op, 58547800.00 ns, 29.2739 ns/op
WorkloadResult  25: 2000000 op, 56337100.00 ns, 28.1686 ns/op
WorkloadResult  26: 2000000 op, 55845800.00 ns, 27.9229 ns/op
WorkloadResult  27: 2000000 op, 56527100.00 ns, 28.2636 ns/op
WorkloadResult  28: 2000000 op, 59182000.00 ns, 29.5910 ns/op
WorkloadResult  29: 2000000 op, 61248100.00 ns, 30.6241 ns/op
WorkloadResult  30: 2000000 op, 51304100.00 ns, 25.6521 ns/op
WorkloadResult  31: 2000000 op, 54407600.00 ns, 27.2038 ns/op
WorkloadResult  32: 2000000 op, 54648200.00 ns, 27.3241 ns/op
WorkloadResult  33: 2000000 op, 58760100.00 ns, 29.3801 ns/op
WorkloadResult  34: 2000000 op, 61046100.00 ns, 30.5231 ns/op
WorkloadResult  35: 2000000 op, 60972100.00 ns, 30.4861 ns/op
WorkloadResult  36: 2000000 op, 51727300.00 ns, 25.8637 ns/op
WorkloadResult  37: 2000000 op, 60367100.00 ns, 30.1836 ns/op
WorkloadResult  38: 2000000 op, 54443700.00 ns, 27.2219 ns/op
WorkloadResult  39: 2000000 op, 61710400.00 ns, 30.8552 ns/op
WorkloadResult  40: 2000000 op, 59887400.00 ns, 29.9437 ns/op
WorkloadResult  41: 2000000 op, 57990500.00 ns, 28.9953 ns/op
WorkloadResult  42: 2000000 op, 59623800.00 ns, 29.8119 ns/op
WorkloadResult  43: 2000000 op, 51659500.00 ns, 25.8298 ns/op
WorkloadResult  44: 2000000 op, 61869900.00 ns, 30.9350 ns/op
WorkloadResult  45: 2000000 op, 58956800.00 ns, 29.4784 ns/op
WorkloadResult  46: 2000000 op, 59553500.00 ns, 29.7768 ns/op
WorkloadResult  47: 2000000 op, 58877200.00 ns, 29.4386 ns/op
WorkloadResult  48: 2000000 op, 56421900.00 ns, 28.2110 ns/op
WorkloadResult  49: 2000000 op, 60528400.00 ns, 30.2642 ns/op
WorkloadResult  50: 2000000 op, 62828900.00 ns, 31.4145 ns/op
WorkloadResult  51: 2000000 op, 53770900.00 ns, 26.8855 ns/op
WorkloadResult  52: 2000000 op, 49057200.00 ns, 24.5286 ns/op
WorkloadResult  53: 2000000 op, 53961900.00 ns, 26.9810 ns/op
WorkloadResult  54: 2000000 op, 53135200.00 ns, 26.5676 ns/op
WorkloadResult  55: 2000000 op, 51950500.00 ns, 25.9753 ns/op
WorkloadResult  56: 2000000 op, 58428400.00 ns, 29.2142 ns/op
WorkloadResult  57: 2000000 op, 58782400.00 ns, 29.3912 ns/op
WorkloadResult  58: 2000000 op, 58317000.00 ns, 29.1585 ns/op
WorkloadResult  59: 2000000 op, 49373300.00 ns, 24.6867 ns/op
WorkloadResult  60: 2000000 op, 53457500.00 ns, 26.7288 ns/op
WorkloadResult  61: 2000000 op, 50565000.00 ns, 25.2825 ns/op
WorkloadResult  62: 2000000 op, 57847300.00 ns, 28.9237 ns/op
WorkloadResult  63: 2000000 op, 52708600.00 ns, 26.3543 ns/op
WorkloadResult  64: 2000000 op, 58652000.00 ns, 29.3260 ns/op
WorkloadResult  65: 2000000 op, 60198900.00 ns, 30.0995 ns/op
WorkloadResult  66: 2000000 op, 55876200.00 ns, 27.9381 ns/op
WorkloadResult  67: 2000000 op, 52806900.00 ns, 26.4035 ns/op
WorkloadResult  68: 2000000 op, 54671100.00 ns, 27.3356 ns/op
WorkloadResult  69: 2000000 op, 61683400.00 ns, 30.8417 ns/op
WorkloadResult  70: 2000000 op, 58170200.00 ns, 29.0851 ns/op
WorkloadResult  71: 2000000 op, 59994700.00 ns, 29.9974 ns/op
WorkloadResult  72: 2000000 op, 60900100.00 ns, 30.4501 ns/op
WorkloadResult  73: 2000000 op, 62505500.00 ns, 31.2528 ns/op
WorkloadResult  74: 2000000 op, 60752800.00 ns, 30.3764 ns/op
WorkloadResult  75: 2000000 op, 60088300.00 ns, 30.0442 ns/op
WorkloadResult  76: 2000000 op, 60739000.00 ns, 30.3695 ns/op
WorkloadResult  77: 2000000 op, 62187100.00 ns, 31.0936 ns/op
WorkloadResult  78: 2000000 op, 58953200.00 ns, 29.4766 ns/op
WorkloadResult  79: 2000000 op, 59665900.00 ns, 29.8330 ns/op
WorkloadResult  80: 2000000 op, 55311500.00 ns, 27.6558 ns/op
WorkloadResult  81: 2000000 op, 60868900.00 ns, 30.4345 ns/op
WorkloadResult  82: 2000000 op, 61469600.00 ns, 30.7348 ns/op
WorkloadResult  83: 2000000 op, 57692300.00 ns, 28.8462 ns/op
WorkloadResult  84: 2000000 op, 52534600.00 ns, 26.2673 ns/op
WorkloadResult  85: 2000000 op, 53128200.00 ns, 26.5641 ns/op
WorkloadResult  86: 2000000 op, 58811200.00 ns, 29.4056 ns/op
WorkloadResult  87: 2000000 op, 54441600.00 ns, 27.2208 ns/op
WorkloadResult  88: 2000000 op, 57667800.00 ns, 28.8339 ns/op
WorkloadResult  89: 2000000 op, 56695500.00 ns, 28.3478 ns/op
WorkloadResult  90: 2000000 op, 54956200.00 ns, 27.4781 ns/op
WorkloadResult  91: 2000000 op, 60969500.00 ns, 30.4848 ns/op
WorkloadResult  92: 2000000 op, 56329700.00 ns, 28.1649 ns/op
WorkloadResult  93: 2000000 op, 61412500.00 ns, 30.7063 ns/op
WorkloadResult  94: 2000000 op, 61741600.00 ns, 30.8708 ns/op
WorkloadResult  95: 2000000 op, 60896700.00 ns, 30.4484 ns/op
WorkloadResult  96: 2000000 op, 55308700.00 ns, 27.6544 ns/op
WorkloadResult  97: 2000000 op, 51877300.00 ns, 25.9387 ns/op
WorkloadResult  98: 2000000 op, 49793200.00 ns, 24.8966 ns/op
WorkloadResult  99: 2000000 op, 49159800.00 ns, 24.5799 ns/op
WorkloadResult  100: 2000000 op, 58895200.00 ns, 29.4476 ns/op
// GC:  0 0 0 2408 2000000
// Threading:  5 0 2000000

// AfterAll
// Benchmark Process 25316 has exited with code 0.

Mean = 28.621 ns, StdErr = 0.183 ns (0.64%), N = 100, StdDev = 1.827 ns
Min = 24.529 ns, Q1 = 27.217 ns, Median = 29.186 ns, Q3 = 30.162 ns, Max = 31.414 ns
IQR = 2.946 ns, LowerFence = 22.798 ns, UpperFence = 34.581 ns
ConfidenceInterval = [28.001 ns; 29.240 ns] (CI 99.9%), Margin = 0.620 ns (2.17% of Mean)
Skewness = -0.54, Kurtosis = 2.18, MValue = 2.5

// ** Remained 3 (75.0 %) benchmark(s) to run. Estimated finish 2026-08-11 17:13 (0h 0m from now) **
Setup power plan (GUID: 8c5e7fda-e8bf-4a96-9a85-a6e23a8c635c FriendlyName: Высокая производительность)
// **************************
// Benchmark: ContentionBenchmarks.Bus_Publish: Job-CNUJVU(InvocationCount=1, UnrollFactor=1) [Writers=4]
// *** Execute ***
// Launch: 1 / 1
// Execute: dotnet SCADA.Benchmarks-Job-CNUJVU-1.dll --anonymousPipes 2056 2016 --benchmarkName "SCADA.Benchmarks.ContentionBenchmarks.Bus_Publish(Writers: 4)" --job "InvocationCount=1, UnrollFactor=1" --benchmarkId 1 in E:\CSharp\scada\SCADA.Benchmarks\bin\Release\net10.0\SCADA.Benchmarks-Job-CNUJVU-1\bin\Release\net10.0
// BeforeAnythingElse

// Benchmark Process Environment Information:
// BenchmarkDotNet v0.15.8
// Runtime=.NET 10.0.10 (10.0.10, 10.0.1026.32716), X64 RyuJIT x86-64-v3
// GC=Concurrent Workstation
// HardwareIntrinsics=AVX2+BMI1+BMI2+F16C+FMA+LZCNT+MOVBE,AVX,SSE3+SSSE3+SSE4.1+SSE4.2+POPCNT,X86Base+SSE+SSE2,AES+PCLMUL VectorSize=256
// Job: Job-CNUJVU(InvocationCount=1, UnrollFactor=1)

OverheadJitting  1: 2000000 op, 177100.00 ns, 0.0886 ns/op
WorkloadJitting  1: 2000000 op, 157186600.00 ns, 78.5933 ns/op

OverheadWarmup   1: 2000000 op, 400.00 ns, 0.0002 ns/op
OverheadWarmup   2: 2000000 op, 300.00 ns, 0.0002 ns/op
OverheadWarmup   3: 2000000 op, 500.00 ns, 0.0003 ns/op
OverheadWarmup   4: 2000000 op, 300.00 ns, 0.0002 ns/op
OverheadWarmup   5: 2000000 op, 200.00 ns, 0.0001 ns/op
OverheadWarmup   6: 2000000 op, 200.00 ns, 0.0001 ns/op
OverheadWarmup   7: 2000000 op, 200.00 ns, 0.0001 ns/op

OverheadActual   1: 2000000 op, 300.00 ns, 0.0002 ns/op
OverheadActual   2: 2000000 op, 800.00 ns, 0.0004 ns/op
OverheadActual   3: 2000000 op, 300.00 ns, 0.0002 ns/op
OverheadActual   4: 2000000 op, 300.00 ns, 0.0002 ns/op
OverheadActual   5: 2000000 op, 300.00 ns, 0.0002 ns/op
OverheadActual   6: 2000000 op, 200.00 ns, 0.0001 ns/op
OverheadActual   7: 2000000 op, 200.00 ns, 0.0001 ns/op
OverheadActual   8: 2000000 op, 300.00 ns, 0.0002 ns/op
OverheadActual   9: 2000000 op, 200.00 ns, 0.0001 ns/op
OverheadActual  10: 2000000 op, 200.00 ns, 0.0001 ns/op
OverheadActual  11: 2000000 op, 200.00 ns, 0.0001 ns/op
OverheadActual  12: 2000000 op, 200.00 ns, 0.0001 ns/op
OverheadActual  13: 2000000 op, 200.00 ns, 0.0001 ns/op
OverheadActual  14: 2000000 op, 200.00 ns, 0.0001 ns/op
OverheadActual  15: 2000000 op, 200.00 ns, 0.0001 ns/op
OverheadActual  16: 2000000 op, 100.00 ns, 0.0001 ns/op
OverheadActual  17: 2000000 op, 100.00 ns, 0.0001 ns/op
OverheadActual  18: 2000000 op, 200.00 ns, 0.0001 ns/op
OverheadActual  19: 2000000 op, 200.00 ns, 0.0001 ns/op
OverheadActual  20: 2000000 op, 100.00 ns, 0.0001 ns/op

WorkloadWarmup   1: 2000000 op, 124660900.00 ns, 62.3305 ns/op
WorkloadWarmup   2: 2000000 op, 151361200.00 ns, 75.6806 ns/op
WorkloadWarmup   3: 2000000 op, 154131700.00 ns, 77.0659 ns/op
WorkloadWarmup   4: 2000000 op, 152595100.00 ns, 76.2976 ns/op
WorkloadWarmup   5: 2000000 op, 153184900.00 ns, 76.5925 ns/op
WorkloadWarmup   6: 2000000 op, 151540900.00 ns, 75.7705 ns/op

// BeforeActualRun
WorkloadActual   1: 2000000 op, 145791000.00 ns, 72.8955 ns/op
WorkloadActual   2: 2000000 op, 151391800.00 ns, 75.6959 ns/op
WorkloadActual   3: 2000000 op, 150868700.00 ns, 75.4344 ns/op
WorkloadActual   4: 2000000 op, 133794800.00 ns, 66.8974 ns/op
WorkloadActual   5: 2000000 op, 143873000.00 ns, 71.9365 ns/op
WorkloadActual   6: 2000000 op, 151284100.00 ns, 75.6421 ns/op
WorkloadActual   7: 2000000 op, 159862800.00 ns, 79.9314 ns/op
WorkloadActual   8: 2000000 op, 148268800.00 ns, 74.1344 ns/op
WorkloadActual   9: 2000000 op, 159037700.00 ns, 79.5189 ns/op
WorkloadActual  10: 2000000 op, 140572400.00 ns, 70.2862 ns/op
WorkloadActual  11: 2000000 op, 161332200.00 ns, 80.6661 ns/op
WorkloadActual  12: 2000000 op, 181406800.00 ns, 90.7034 ns/op
WorkloadActual  13: 2000000 op, 173692300.00 ns, 86.8462 ns/op
WorkloadActual  14: 2000000 op, 165091200.00 ns, 82.5456 ns/op
WorkloadActual  15: 2000000 op, 160106900.00 ns, 80.0535 ns/op
WorkloadActual  16: 2000000 op, 159399600.00 ns, 79.6998 ns/op
WorkloadActual  17: 2000000 op, 162492500.00 ns, 81.2463 ns/op
WorkloadActual  18: 2000000 op, 147714800.00 ns, 73.8574 ns/op
WorkloadActual  19: 2000000 op, 153713500.00 ns, 76.8568 ns/op
WorkloadActual  20: 2000000 op, 151523000.00 ns, 75.7615 ns/op
WorkloadActual  21: 2000000 op, 145808100.00 ns, 72.9041 ns/op
WorkloadActual  22: 2000000 op, 130682700.00 ns, 65.3414 ns/op
WorkloadActual  23: 2000000 op, 158252900.00 ns, 79.1265 ns/op
WorkloadActual  24: 2000000 op, 176050800.00 ns, 88.0254 ns/op
WorkloadActual  25: 2000000 op, 162946000.00 ns, 81.4730 ns/op
WorkloadActual  26: 2000000 op, 158085300.00 ns, 79.0427 ns/op
WorkloadActual  27: 2000000 op, 170024500.00 ns, 85.0123 ns/op
WorkloadActual  28: 2000000 op, 148962000.00 ns, 74.4810 ns/op
WorkloadActual  29: 2000000 op, 147091600.00 ns, 73.5458 ns/op
WorkloadActual  30: 2000000 op, 148013500.00 ns, 74.0068 ns/op
WorkloadActual  31: 2000000 op, 137643000.00 ns, 68.8215 ns/op
WorkloadActual  32: 2000000 op, 144370300.00 ns, 72.1852 ns/op
WorkloadActual  33: 2000000 op, 136710500.00 ns, 68.3553 ns/op
WorkloadActual  34: 2000000 op, 140008200.00 ns, 70.0041 ns/op
WorkloadActual  35: 2000000 op, 140617900.00 ns, 70.3090 ns/op
WorkloadActual  36: 2000000 op, 163951600.00 ns, 81.9758 ns/op
WorkloadActual  37: 2000000 op, 167128500.00 ns, 83.5643 ns/op
WorkloadActual  38: 2000000 op, 184282200.00 ns, 92.1411 ns/op
WorkloadActual  39: 2000000 op, 167426900.00 ns, 83.7135 ns/op
WorkloadActual  40: 2000000 op, 144895900.00 ns, 72.4480 ns/op
WorkloadActual  41: 2000000 op, 156578500.00 ns, 78.2893 ns/op
WorkloadActual  42: 2000000 op, 156561100.00 ns, 78.2806 ns/op
WorkloadActual  43: 2000000 op, 148471400.00 ns, 74.2357 ns/op
WorkloadActual  44: 2000000 op, 150537400.00 ns, 75.2687 ns/op
WorkloadActual  45: 2000000 op, 161946400.00 ns, 80.9732 ns/op
WorkloadActual  46: 2000000 op, 158121600.00 ns, 79.0608 ns/op
WorkloadActual  47: 2000000 op, 153019300.00 ns, 76.5097 ns/op
WorkloadActual  48: 2000000 op, 144945000.00 ns, 72.4725 ns/op
WorkloadActual  49: 2000000 op, 146662200.00 ns, 73.3311 ns/op
WorkloadActual  50: 2000000 op, 157990700.00 ns, 78.9954 ns/op
WorkloadActual  51: 2000000 op, 149981300.00 ns, 74.9907 ns/op
WorkloadActual  52: 2000000 op, 139644800.00 ns, 69.8224 ns/op
WorkloadActual  53: 2000000 op, 155610900.00 ns, 77.8055 ns/op
WorkloadActual  54: 2000000 op, 161862300.00 ns, 80.9312 ns/op
WorkloadActual  55: 2000000 op, 179037200.00 ns, 89.5186 ns/op
WorkloadActual  56: 2000000 op, 154973500.00 ns, 77.4868 ns/op
WorkloadActual  57: 2000000 op, 158155400.00 ns, 79.0777 ns/op
WorkloadActual  58: 2000000 op, 181536000.00 ns, 90.7680 ns/op
WorkloadActual  59: 2000000 op, 167426000.00 ns, 83.7130 ns/op
WorkloadActual  60: 2000000 op, 139238300.00 ns, 69.6192 ns/op
WorkloadActual  61: 2000000 op, 149135700.00 ns, 74.5679 ns/op
WorkloadActual  62: 2000000 op, 157357200.00 ns, 78.6786 ns/op
WorkloadActual  63: 2000000 op, 166749300.00 ns, 83.3747 ns/op
WorkloadActual  64: 2000000 op, 168532700.00 ns, 84.2664 ns/op
WorkloadActual  65: 2000000 op, 150880700.00 ns, 75.4404 ns/op
WorkloadActual  66: 2000000 op, 146087600.00 ns, 73.0438 ns/op
WorkloadActual  67: 2000000 op, 163392900.00 ns, 81.6965 ns/op
WorkloadActual  68: 2000000 op, 159852100.00 ns, 79.9261 ns/op
WorkloadActual  69: 2000000 op, 148424300.00 ns, 74.2122 ns/op
WorkloadActual  70: 2000000 op, 147135000.00 ns, 73.5675 ns/op
WorkloadActual  71: 2000000 op, 140431900.00 ns, 70.2160 ns/op
WorkloadActual  72: 2000000 op, 138903200.00 ns, 69.4516 ns/op
WorkloadActual  73: 2000000 op, 145142100.00 ns, 72.5711 ns/op
WorkloadActual  74: 2000000 op, 135013300.00 ns, 67.5067 ns/op
WorkloadActual  75: 2000000 op, 144294100.00 ns, 72.1471 ns/op
WorkloadActual  76: 2000000 op, 150973000.00 ns, 75.4865 ns/op
WorkloadActual  77: 2000000 op, 153868400.00 ns, 76.9342 ns/op
WorkloadActual  78: 2000000 op, 141260700.00 ns, 70.6304 ns/op
WorkloadActual  79: 2000000 op, 135112300.00 ns, 67.5562 ns/op
WorkloadActual  80: 2000000 op, 149275200.00 ns, 74.6376 ns/op
WorkloadActual  81: 2000000 op, 148227200.00 ns, 74.1136 ns/op
WorkloadActual  82: 2000000 op, 158511000.00 ns, 79.2555 ns/op
WorkloadActual  83: 2000000 op, 164765800.00 ns, 82.3829 ns/op
WorkloadActual  84: 2000000 op, 154702700.00 ns, 77.3514 ns/op
WorkloadActual  85: 2000000 op, 130777900.00 ns, 65.3890 ns/op
WorkloadActual  86: 2000000 op, 148325800.00 ns, 74.1629 ns/op
WorkloadActual  87: 2000000 op, 160327600.00 ns, 80.1638 ns/op
WorkloadActual  88: 2000000 op, 143730800.00 ns, 71.8654 ns/op
WorkloadActual  89: 2000000 op, 155327200.00 ns, 77.6636 ns/op
WorkloadActual  90: 2000000 op, 183057200.00 ns, 91.5286 ns/op
WorkloadActual  91: 2000000 op, 152462900.00 ns, 76.2315 ns/op
WorkloadActual  92: 2000000 op, 135807300.00 ns, 67.9037 ns/op
WorkloadActual  93: 2000000 op, 146700300.00 ns, 73.3502 ns/op
WorkloadActual  94: 2000000 op, 143261500.00 ns, 71.6308 ns/op
WorkloadActual  95: 2000000 op, 159355200.00 ns, 79.6776 ns/op
WorkloadActual  96: 2000000 op, 153319200.00 ns, 76.6596 ns/op
WorkloadActual  97: 2000000 op, 154685900.00 ns, 77.3430 ns/op
WorkloadActual  98: 2000000 op, 138083600.00 ns, 69.0418 ns/op
WorkloadActual  99: 2000000 op, 142631200.00 ns, 71.3156 ns/op
WorkloadActual  100: 2000000 op, 152765300.00 ns, 76.3827 ns/op

// AfterActualRun
WorkloadResult   1: 2000000 op, 145790800.00 ns, 72.8954 ns/op
WorkloadResult   2: 2000000 op, 151391600.00 ns, 75.6958 ns/op
WorkloadResult   3: 2000000 op, 150868500.00 ns, 75.4343 ns/op
WorkloadResult   4: 2000000 op, 133794600.00 ns, 66.8973 ns/op
WorkloadResult   5: 2000000 op, 143872800.00 ns, 71.9364 ns/op
WorkloadResult   6: 2000000 op, 151283900.00 ns, 75.6420 ns/op
WorkloadResult   7: 2000000 op, 159862600.00 ns, 79.9313 ns/op
WorkloadResult   8: 2000000 op, 148268600.00 ns, 74.1343 ns/op
WorkloadResult   9: 2000000 op, 159037500.00 ns, 79.5188 ns/op
WorkloadResult  10: 2000000 op, 140572200.00 ns, 70.2861 ns/op
WorkloadResult  11: 2000000 op, 161332000.00 ns, 80.6660 ns/op
WorkloadResult  12: 2000000 op, 181406600.00 ns, 90.7033 ns/op
WorkloadResult  13: 2000000 op, 173692100.00 ns, 86.8461 ns/op
WorkloadResult  14: 2000000 op, 165091000.00 ns, 82.5455 ns/op
WorkloadResult  15: 2000000 op, 160106700.00 ns, 80.0534 ns/op
WorkloadResult  16: 2000000 op, 159399400.00 ns, 79.6997 ns/op
WorkloadResult  17: 2000000 op, 162492300.00 ns, 81.2462 ns/op
WorkloadResult  18: 2000000 op, 147714600.00 ns, 73.8573 ns/op
WorkloadResult  19: 2000000 op, 153713300.00 ns, 76.8567 ns/op
WorkloadResult  20: 2000000 op, 151522800.00 ns, 75.7614 ns/op
WorkloadResult  21: 2000000 op, 145807900.00 ns, 72.9040 ns/op
WorkloadResult  22: 2000000 op, 130682500.00 ns, 65.3413 ns/op
WorkloadResult  23: 2000000 op, 158252700.00 ns, 79.1264 ns/op
WorkloadResult  24: 2000000 op, 176050600.00 ns, 88.0253 ns/op
WorkloadResult  25: 2000000 op, 162945800.00 ns, 81.4729 ns/op
WorkloadResult  26: 2000000 op, 158085100.00 ns, 79.0426 ns/op
WorkloadResult  27: 2000000 op, 170024300.00 ns, 85.0122 ns/op
WorkloadResult  28: 2000000 op, 148961800.00 ns, 74.4809 ns/op
WorkloadResult  29: 2000000 op, 147091400.00 ns, 73.5457 ns/op
WorkloadResult  30: 2000000 op, 148013300.00 ns, 74.0067 ns/op
WorkloadResult  31: 2000000 op, 137642800.00 ns, 68.8214 ns/op
WorkloadResult  32: 2000000 op, 144370100.00 ns, 72.1851 ns/op
WorkloadResult  33: 2000000 op, 136710300.00 ns, 68.3552 ns/op
WorkloadResult  34: 2000000 op, 140008000.00 ns, 70.0040 ns/op
WorkloadResult  35: 2000000 op, 140617700.00 ns, 70.3089 ns/op
WorkloadResult  36: 2000000 op, 163951400.00 ns, 81.9757 ns/op
WorkloadResult  37: 2000000 op, 167128300.00 ns, 83.5642 ns/op
WorkloadResult  38: 2000000 op, 167426700.00 ns, 83.7134 ns/op
WorkloadResult  39: 2000000 op, 144895700.00 ns, 72.4479 ns/op
WorkloadResult  40: 2000000 op, 156578300.00 ns, 78.2892 ns/op
WorkloadResult  41: 2000000 op, 156560900.00 ns, 78.2805 ns/op
WorkloadResult  42: 2000000 op, 148471200.00 ns, 74.2356 ns/op
WorkloadResult  43: 2000000 op, 150537200.00 ns, 75.2686 ns/op
WorkloadResult  44: 2000000 op, 161946200.00 ns, 80.9731 ns/op
WorkloadResult  45: 2000000 op, 158121400.00 ns, 79.0607 ns/op
WorkloadResult  46: 2000000 op, 153019100.00 ns, 76.5096 ns/op
WorkloadResult  47: 2000000 op, 144944800.00 ns, 72.4724 ns/op
WorkloadResult  48: 2000000 op, 146662000.00 ns, 73.3310 ns/op
WorkloadResult  49: 2000000 op, 157990500.00 ns, 78.9953 ns/op
WorkloadResult  50: 2000000 op, 149981100.00 ns, 74.9906 ns/op
WorkloadResult  51: 2000000 op, 139644600.00 ns, 69.8223 ns/op
WorkloadResult  52: 2000000 op, 155610700.00 ns, 77.8054 ns/op
WorkloadResult  53: 2000000 op, 161862100.00 ns, 80.9311 ns/op
WorkloadResult  54: 2000000 op, 179037000.00 ns, 89.5185 ns/op
WorkloadResult  55: 2000000 op, 154973300.00 ns, 77.4867 ns/op
WorkloadResult  56: 2000000 op, 158155200.00 ns, 79.0776 ns/op
WorkloadResult  57: 2000000 op, 181535800.00 ns, 90.7679 ns/op
WorkloadResult  58: 2000000 op, 167425800.00 ns, 83.7129 ns/op
WorkloadResult  59: 2000000 op, 139238100.00 ns, 69.6191 ns/op
WorkloadResult  60: 2000000 op, 149135500.00 ns, 74.5678 ns/op
WorkloadResult  61: 2000000 op, 157357000.00 ns, 78.6785 ns/op
WorkloadResult  62: 2000000 op, 166749100.00 ns, 83.3746 ns/op
WorkloadResult  63: 2000000 op, 168532500.00 ns, 84.2663 ns/op
WorkloadResult  64: 2000000 op, 150880500.00 ns, 75.4403 ns/op
WorkloadResult  65: 2000000 op, 146087400.00 ns, 73.0437 ns/op
WorkloadResult  66: 2000000 op, 163392700.00 ns, 81.6964 ns/op
WorkloadResult  67: 2000000 op, 159851900.00 ns, 79.9260 ns/op
WorkloadResult  68: 2000000 op, 148424100.00 ns, 74.2121 ns/op
WorkloadResult  69: 2000000 op, 147134800.00 ns, 73.5674 ns/op
WorkloadResult  70: 2000000 op, 140431700.00 ns, 70.2159 ns/op
WorkloadResult  71: 2000000 op, 138903000.00 ns, 69.4515 ns/op
WorkloadResult  72: 2000000 op, 145141900.00 ns, 72.5710 ns/op
WorkloadResult  73: 2000000 op, 135013100.00 ns, 67.5066 ns/op
WorkloadResult  74: 2000000 op, 144293900.00 ns, 72.1470 ns/op
WorkloadResult  75: 2000000 op, 150972800.00 ns, 75.4864 ns/op
WorkloadResult  76: 2000000 op, 153868200.00 ns, 76.9341 ns/op
WorkloadResult  77: 2000000 op, 141260500.00 ns, 70.6303 ns/op
WorkloadResult  78: 2000000 op, 135112100.00 ns, 67.5561 ns/op
WorkloadResult  79: 2000000 op, 149275000.00 ns, 74.6375 ns/op
WorkloadResult  80: 2000000 op, 148227000.00 ns, 74.1135 ns/op
WorkloadResult  81: 2000000 op, 158510800.00 ns, 79.2554 ns/op
WorkloadResult  82: 2000000 op, 164765600.00 ns, 82.3828 ns/op
WorkloadResult  83: 2000000 op, 154702500.00 ns, 77.3513 ns/op
WorkloadResult  84: 2000000 op, 130777700.00 ns, 65.3889 ns/op
WorkloadResult  85: 2000000 op, 148325600.00 ns, 74.1628 ns/op
WorkloadResult  86: 2000000 op, 160327400.00 ns, 80.1637 ns/op
WorkloadResult  87: 2000000 op, 143730600.00 ns, 71.8653 ns/op
WorkloadResult  88: 2000000 op, 155327000.00 ns, 77.6635 ns/op
WorkloadResult  89: 2000000 op, 152462700.00 ns, 76.2314 ns/op
WorkloadResult  90: 2000000 op, 135807100.00 ns, 67.9036 ns/op
WorkloadResult  91: 2000000 op, 146700100.00 ns, 73.3501 ns/op
WorkloadResult  92: 2000000 op, 143261300.00 ns, 71.6307 ns/op
WorkloadResult  93: 2000000 op, 159355000.00 ns, 79.6775 ns/op
WorkloadResult  94: 2000000 op, 153319000.00 ns, 76.6595 ns/op
WorkloadResult  95: 2000000 op, 154685700.00 ns, 77.3429 ns/op
WorkloadResult  96: 2000000 op, 138083400.00 ns, 69.0417 ns/op
WorkloadResult  97: 2000000 op, 142631000.00 ns, 71.3155 ns/op
WorkloadResult  98: 2000000 op, 152765100.00 ns, 76.3826 ns/op
// GC:  0 0 0 8391336 2000000
// Threading:  5 3 2000000

// AfterAll
// Benchmark Process 28332 has exited with code 0.

Mean = 76.264 ns, StdErr = 0.554 ns (0.73%), N = 98, StdDev = 5.484 ns
Min = 65.341 ns, Q1 = 72.497 ns, Median = 75.669 ns, Q3 = 79.694 ns, Max = 90.768 ns
IQR = 7.197 ns, LowerFence = 61.701 ns, UpperFence = 90.490 ns
ConfidenceInterval = [74.384 ns; 78.144 ns] (CI 99.9%), Margin = 1.880 ns (2.46% of Mean)
Skewness = 0.39, Kurtosis = 2.92, MValue = 2

// ** Remained 2 (50.0 %) benchmark(s) to run. Estimated finish 2026-08-11 17:13 (0h 0m from now) **
Setup power plan (GUID: 8c5e7fda-e8bf-4a96-9a85-a6e23a8c635c FriendlyName: Высокая производительность)
// **************************
// Benchmark: ContentionBenchmarks.TagTable_Write: Job-CNUJVU(InvocationCount=1, UnrollFactor=1) [Writers=8]
// *** Execute ***
// Launch: 1 / 1
// Execute: dotnet SCADA.Benchmarks-Job-CNUJVU-1.dll --anonymousPipes 640 2120 --benchmarkName "SCADA.Benchmarks.ContentionBenchmarks.TagTable_Write(Writers: 8)" --job "InvocationCount=1, UnrollFactor=1" --benchmarkId 2 in E:\CSharp\scada\SCADA.Benchmarks\bin\Release\net10.0\SCADA.Benchmarks-Job-CNUJVU-1\bin\Release\net10.0
// BeforeAnythingElse

// Benchmark Process Environment Information:
// BenchmarkDotNet v0.15.8
// Runtime=.NET 10.0.10 (10.0.10, 10.0.1026.32716), X64 RyuJIT x86-64-v3
// GC=Concurrent Workstation
// HardwareIntrinsics=AVX2+BMI1+BMI2+F16C+FMA+LZCNT+MOVBE,AVX,SSE3+SSSE3+SSE4.1+SSE4.2+POPCNT,X86Base+SSE+SSE2,AES+PCLMUL VectorSize=256
// Job: Job-CNUJVU(InvocationCount=1, UnrollFactor=1)

OverheadJitting  1: 2000000 op, 144000.00 ns, 0.0720 ns/op
WorkloadJitting  1: 2000000 op, 65362100.00 ns, 32.6811 ns/op

OverheadWarmup   1: 2000000 op, 800.00 ns, 0.0004 ns/op
OverheadWarmup   2: 2000000 op, 400.00 ns, 0.0002 ns/op
OverheadWarmup   3: 2000000 op, 300.00 ns, 0.0002 ns/op
OverheadWarmup   4: 2000000 op, 100.00 ns, 0.0001 ns/op
OverheadWarmup   5: 2000000 op, 300.00 ns, 0.0002 ns/op
OverheadWarmup   6: 2000000 op, 500.00 ns, 0.0003 ns/op
OverheadWarmup   7: 2000000 op, 200.00 ns, 0.0001 ns/op
OverheadWarmup   8: 2000000 op, 100.00 ns, 0.0001 ns/op
OverheadWarmup   9: 2000000 op, 100.00 ns, 0.0001 ns/op
OverheadWarmup  10: 2000000 op, 100.00 ns, 0.0001 ns/op

OverheadActual   1: 2000000 op, 300.00 ns, 0.0002 ns/op
OverheadActual   2: 2000000 op, 900.00 ns, 0.0005 ns/op
OverheadActual   3: 2000000 op, 400.00 ns, 0.0002 ns/op
OverheadActual   4: 2000000 op, 200.00 ns, 0.0001 ns/op
OverheadActual   5: 2000000 op, 100.00 ns, 0.0001 ns/op
OverheadActual   6: 2000000 op, 200.00 ns, 0.0001 ns/op
OverheadActual   7: 2000000 op, 100.00 ns, 0.0001 ns/op
OverheadActual   8: 2000000 op, 200.00 ns, 0.0001 ns/op
OverheadActual   9: 2000000 op, 200.00 ns, 0.0001 ns/op
OverheadActual  10: 2000000 op, 100.00 ns, 0.0001 ns/op
OverheadActual  11: 2000000 op, 200.00 ns, 0.0001 ns/op
OverheadActual  12: 2000000 op, 200.00 ns, 0.0001 ns/op
OverheadActual  13: 2000000 op, 200.00 ns, 0.0001 ns/op
OverheadActual  14: 2000000 op, 200.00 ns, 0.0001 ns/op
OverheadActual  15: 2000000 op, 200.00 ns, 0.0001 ns/op
OverheadActual  16: 2000000 op, 100.00 ns, 0.0001 ns/op
OverheadActual  17: 2000000 op, 100.00 ns, 0.0001 ns/op
OverheadActual  18: 2000000 op, 100.00 ns, 0.0001 ns/op
OverheadActual  19: 2000000 op, 100.00 ns, 0.0001 ns/op
OverheadActual  20: 2000000 op, 200.00 ns, 0.0001 ns/op

WorkloadWarmup   1: 2000000 op, 54318400.00 ns, 27.1592 ns/op
WorkloadWarmup   2: 2000000 op, 53520200.00 ns, 26.7601 ns/op
WorkloadWarmup   3: 2000000 op, 53796400.00 ns, 26.8982 ns/op
WorkloadWarmup   4: 2000000 op, 52895900.00 ns, 26.4480 ns/op
WorkloadWarmup   5: 2000000 op, 53904300.00 ns, 26.9522 ns/op
WorkloadWarmup   6: 2000000 op, 53791600.00 ns, 26.8958 ns/op

// BeforeActualRun
WorkloadActual   1: 2000000 op, 53492400.00 ns, 26.7462 ns/op
WorkloadActual   2: 2000000 op, 53312200.00 ns, 26.6561 ns/op
WorkloadActual   3: 2000000 op, 54441100.00 ns, 27.2206 ns/op
WorkloadActual   4: 2000000 op, 51215000.00 ns, 25.6075 ns/op
WorkloadActual   5: 2000000 op, 53197900.00 ns, 26.5990 ns/op
WorkloadActual   6: 2000000 op, 54177700.00 ns, 27.0889 ns/op
WorkloadActual   7: 2000000 op, 53618500.00 ns, 26.8093 ns/op
WorkloadActual   8: 2000000 op, 54928700.00 ns, 27.4644 ns/op
WorkloadActual   9: 2000000 op, 53206100.00 ns, 26.6031 ns/op
WorkloadActual  10: 2000000 op, 54248800.00 ns, 27.1244 ns/op
WorkloadActual  11: 2000000 op, 55086900.00 ns, 27.5435 ns/op
WorkloadActual  12: 2000000 op, 54588000.00 ns, 27.2940 ns/op
WorkloadActual  13: 2000000 op, 52601500.00 ns, 26.3008 ns/op
WorkloadActual  14: 2000000 op, 55216700.00 ns, 27.6084 ns/op
WorkloadActual  15: 2000000 op, 52578000.00 ns, 26.2890 ns/op
WorkloadActual  16: 2000000 op, 52967100.00 ns, 26.4836 ns/op
WorkloadActual  17: 2000000 op, 53389900.00 ns, 26.6950 ns/op

// AfterActualRun
WorkloadResult   1: 2000000 op, 53492200.00 ns, 26.7461 ns/op
WorkloadResult   2: 2000000 op, 53312000.00 ns, 26.6560 ns/op
WorkloadResult   3: 2000000 op, 54440900.00 ns, 27.2205 ns/op
WorkloadResult   4: 2000000 op, 51214800.00 ns, 25.6074 ns/op
WorkloadResult   5: 2000000 op, 53197700.00 ns, 26.5989 ns/op
WorkloadResult   6: 2000000 op, 54177500.00 ns, 27.0888 ns/op
WorkloadResult   7: 2000000 op, 53618300.00 ns, 26.8092 ns/op
WorkloadResult   8: 2000000 op, 54928500.00 ns, 27.4643 ns/op
WorkloadResult   9: 2000000 op, 53205900.00 ns, 26.6030 ns/op
WorkloadResult  10: 2000000 op, 54248600.00 ns, 27.1243 ns/op
WorkloadResult  11: 2000000 op, 55086700.00 ns, 27.5434 ns/op
WorkloadResult  12: 2000000 op, 54587800.00 ns, 27.2939 ns/op
WorkloadResult  13: 2000000 op, 52601300.00 ns, 26.3007 ns/op
WorkloadResult  14: 2000000 op, 55216500.00 ns, 27.6083 ns/op
WorkloadResult  15: 2000000 op, 52577800.00 ns, 26.2889 ns/op
WorkloadResult  16: 2000000 op, 52966900.00 ns, 26.4835 ns/op
WorkloadResult  17: 2000000 op, 53389700.00 ns, 26.6949 ns/op
// GC:  0 0 0 3336 2000000
// Threading:  9 0 2000000

// AfterAll
// Benchmark Process 19212 has exited with code 0.

Mean = 26.831 ns, StdErr = 0.127 ns (0.47%), N = 17, StdDev = 0.524 ns
Min = 25.607 ns, Q1 = 26.599 ns, Median = 26.746 ns, Q3 = 27.220 ns, Max = 27.608 ns
IQR = 0.622 ns, LowerFence = 25.666 ns, UpperFence = 28.153 ns
ConfidenceInterval = [26.321 ns; 27.341 ns] (CI 99.9%), Margin = 0.510 ns (1.90% of Mean)
Skewness = -0.38, Kurtosis = 2.58, MValue = 2

// ** Remained 1 (25.0 %) benchmark(s) to run. Estimated finish 2026-08-11 17:13 (0h 0m from now) **
Setup power plan (GUID: 8c5e7fda-e8bf-4a96-9a85-a6e23a8c635c FriendlyName: Высокая производительность)
// **************************
// Benchmark: ContentionBenchmarks.Bus_Publish: Job-CNUJVU(InvocationCount=1, UnrollFactor=1) [Writers=8]
// *** Execute ***
// Launch: 1 / 1
// Execute: dotnet SCADA.Benchmarks-Job-CNUJVU-1.dll --anonymousPipes 2192 2188 --benchmarkName "SCADA.Benchmarks.ContentionBenchmarks.Bus_Publish(Writers: 8)" --job "InvocationCount=1, UnrollFactor=1" --benchmarkId 3 in E:\CSharp\scada\SCADA.Benchmarks\bin\Release\net10.0\SCADA.Benchmarks-Job-CNUJVU-1\bin\Release\net10.0
// BeforeAnythingElse

// Benchmark Process Environment Information:
// BenchmarkDotNet v0.15.8
// Runtime=.NET 10.0.10 (10.0.10, 10.0.1026.32716), X64 RyuJIT x86-64-v3
// GC=Concurrent Workstation
// HardwareIntrinsics=AVX2+BMI1+BMI2+F16C+FMA+LZCNT+MOVBE,AVX,SSE3+SSSE3+SSE4.1+SSE4.2+POPCNT,X86Base+SSE+SSE2,AES+PCLMUL VectorSize=256
// Job: Job-CNUJVU(InvocationCount=1, UnrollFactor=1)

OverheadJitting  1: 2000000 op, 156000.00 ns, 0.0780 ns/op
WorkloadJitting  1: 2000000 op, 244622100.00 ns, 122.3111 ns/op

OverheadWarmup   1: 2000000 op, 800.00 ns, 0.0004 ns/op
OverheadWarmup   2: 2000000 op, 300.00 ns, 0.0002 ns/op
OverheadWarmup   3: 2000000 op, 300.00 ns, 0.0002 ns/op
OverheadWarmup   4: 2000000 op, 300.00 ns, 0.0002 ns/op
OverheadWarmup   5: 2000000 op, 300.00 ns, 0.0002 ns/op
OverheadWarmup   6: 2000000 op, 300.00 ns, 0.0002 ns/op

OverheadActual   1: 2000000 op, 2400.00 ns, 0.0012 ns/op
OverheadActual   2: 2000000 op, 600.00 ns, 0.0003 ns/op
OverheadActual   3: 2000000 op, 1700.00 ns, 0.0009 ns/op
OverheadActual   4: 2000000 op, 400.00 ns, 0.0002 ns/op
OverheadActual   5: 2000000 op, 300.00 ns, 0.0002 ns/op
OverheadActual   6: 2000000 op, 300.00 ns, 0.0002 ns/op
OverheadActual   7: 2000000 op, 200.00 ns, 0.0001 ns/op
OverheadActual   8: 2000000 op, 200.00 ns, 0.0001 ns/op
OverheadActual   9: 2000000 op, 200.00 ns, 0.0001 ns/op
OverheadActual  10: 2000000 op, 200.00 ns, 0.0001 ns/op
OverheadActual  11: 2000000 op, 200.00 ns, 0.0001 ns/op
OverheadActual  12: 2000000 op, 200.00 ns, 0.0001 ns/op
OverheadActual  13: 2000000 op, 200.00 ns, 0.0001 ns/op
OverheadActual  14: 2000000 op, 200.00 ns, 0.0001 ns/op
OverheadActual  15: 2000000 op, 200.00 ns, 0.0001 ns/op
OverheadActual  16: 2000000 op, 400.00 ns, 0.0002 ns/op
OverheadActual  17: 2000000 op, 300.00 ns, 0.0002 ns/op
OverheadActual  18: 2000000 op, 400.00 ns, 0.0002 ns/op
OverheadActual  19: 2000000 op, 300.00 ns, 0.0002 ns/op
OverheadActual  20: 2000000 op, 300.00 ns, 0.0002 ns/op

WorkloadWarmup   1: 2000000 op, 230119700.00 ns, 115.0599 ns/op
WorkloadWarmup   2: 2000000 op, 228663000.00 ns, 114.3315 ns/op
WorkloadWarmup   3: 2000000 op, 224235100.00 ns, 112.1176 ns/op
WorkloadWarmup   4: 2000000 op, 226696600.00 ns, 113.3483 ns/op
WorkloadWarmup   5: 2000000 op, 231950400.00 ns, 115.9752 ns/op
WorkloadWarmup   6: 2000000 op, 231858200.00 ns, 115.9291 ns/op
WorkloadWarmup   7: 2000000 op, 236692500.00 ns, 118.3463 ns/op
WorkloadWarmup   8: 2000000 op, 227243700.00 ns, 113.6219 ns/op

// BeforeActualRun
WorkloadActual   1: 2000000 op, 222654500.00 ns, 111.3273 ns/op
WorkloadActual   2: 2000000 op, 233522900.00 ns, 116.7615 ns/op
WorkloadActual   3: 2000000 op, 225572000.00 ns, 112.7860 ns/op
WorkloadActual   4: 2000000 op, 230549200.00 ns, 115.2746 ns/op
WorkloadActual   5: 2000000 op, 240601900.00 ns, 120.3010 ns/op
WorkloadActual   6: 2000000 op, 230042900.00 ns, 115.0215 ns/op
WorkloadActual   7: 2000000 op, 228017700.00 ns, 114.0089 ns/op
WorkloadActual   8: 2000000 op, 226732300.00 ns, 113.3662 ns/op
WorkloadActual   9: 2000000 op, 233577300.00 ns, 116.7887 ns/op
WorkloadActual  10: 2000000 op, 231826500.00 ns, 115.9133 ns/op
WorkloadActual  11: 2000000 op, 234113700.00 ns, 117.0569 ns/op
WorkloadActual  12: 2000000 op, 227634200.00 ns, 113.8171 ns/op
WorkloadActual  13: 2000000 op, 237435700.00 ns, 118.7179 ns/op
WorkloadActual  14: 2000000 op, 237925200.00 ns, 118.9626 ns/op
WorkloadActual  15: 2000000 op, 235123300.00 ns, 117.5617 ns/op
WorkloadActual  16: 2000000 op, 241902300.00 ns, 120.9512 ns/op
WorkloadActual  17: 2000000 op, 236787800.00 ns, 118.3939 ns/op
WorkloadActual  18: 2000000 op, 228911400.00 ns, 114.4557 ns/op
WorkloadActual  19: 2000000 op, 241261900.00 ns, 120.6310 ns/op
WorkloadActual  20: 2000000 op, 246341800.00 ns, 123.1709 ns/op
WorkloadActual  21: 2000000 op, 235425800.00 ns, 117.7129 ns/op
WorkloadActual  22: 2000000 op, 229669400.00 ns, 114.8347 ns/op
WorkloadActual  23: 2000000 op, 232056700.00 ns, 116.0284 ns/op

// AfterActualRun
WorkloadResult   1: 2000000 op, 222654200.00 ns, 111.3271 ns/op
WorkloadResult   2: 2000000 op, 233522600.00 ns, 116.7613 ns/op
WorkloadResult   3: 2000000 op, 225571700.00 ns, 112.7859 ns/op
WorkloadResult   4: 2000000 op, 230548900.00 ns, 115.2745 ns/op
WorkloadResult   5: 2000000 op, 240601600.00 ns, 120.3008 ns/op
WorkloadResult   6: 2000000 op, 230042600.00 ns, 115.0213 ns/op
WorkloadResult   7: 2000000 op, 228017400.00 ns, 114.0087 ns/op
WorkloadResult   8: 2000000 op, 226732000.00 ns, 113.3660 ns/op
WorkloadResult   9: 2000000 op, 233577000.00 ns, 116.7885 ns/op
WorkloadResult  10: 2000000 op, 231826200.00 ns, 115.9131 ns/op
WorkloadResult  11: 2000000 op, 234113400.00 ns, 117.0567 ns/op
WorkloadResult  12: 2000000 op, 227633900.00 ns, 113.8170 ns/op
WorkloadResult  13: 2000000 op, 237435400.00 ns, 118.7177 ns/op
WorkloadResult  14: 2000000 op, 237924900.00 ns, 118.9625 ns/op
WorkloadResult  15: 2000000 op, 235123000.00 ns, 117.5615 ns/op
WorkloadResult  16: 2000000 op, 241902000.00 ns, 120.9510 ns/op
WorkloadResult  17: 2000000 op, 236787500.00 ns, 118.3938 ns/op
WorkloadResult  18: 2000000 op, 228911100.00 ns, 114.4556 ns/op
WorkloadResult  19: 2000000 op, 241261600.00 ns, 120.6308 ns/op
WorkloadResult  20: 2000000 op, 246341500.00 ns, 123.1708 ns/op
WorkloadResult  21: 2000000 op, 235425500.00 ns, 117.7128 ns/op
WorkloadResult  22: 2000000 op, 229669100.00 ns, 114.8346 ns/op
WorkloadResult  23: 2000000 op, 232056400.00 ns, 116.0282 ns/op
// GC:  0 0 0 8392328 2000000
// Threading:  11 7 2000000

// AfterAll
// Benchmark Process 27464 has exited with code 0.

Mean = 116.689 ns, StdErr = 0.609 ns (0.52%), N = 23, StdDev = 2.920 ns
Min = 111.327 ns, Q1 = 114.645 ns, Median = 116.761 ns, Q3 = 118.556 ns, Max = 123.171 ns
IQR = 3.911 ns, LowerFence = 108.779 ns, UpperFence = 124.422 ns
ConfidenceInterval = [114.380 ns; 118.998 ns] (CI 99.9%), Margin = 2.309 ns (1.98% of Mean)
Skewness = 0.29, Kurtosis = 2.34, MValue = 2

// ** Remained 0 (0.0 %) benchmark(s) to run. Estimated finish 2026-08-11 17:13 (0h 0m from now) **
Successfully reverted power plan (GUID: 381b4222-f694-41f0-9685-ff5bb260df2e FriendlyName: Сбалансированная)
// ***** BenchmarkRunner: Finish  *****

// * Export *
  BenchmarkDotNet.Artifacts\results\SCADA.Benchmarks.ContentionBenchmarks-report.csv
  BenchmarkDotNet.Artifacts\results\SCADA.Benchmarks.ContentionBenchmarks-report-github.md
  BenchmarkDotNet.Artifacts\results\SCADA.Benchmarks.ContentionBenchmarks-report.html

// * Detailed results *
ContentionBenchmarks.TagTable_Write: Job-CNUJVU(InvocationCount=1, UnrollFactor=1) [Writers=4]
Runtime = .NET 10.0.10 (10.0.10, 10.0.1026.32716), X64 RyuJIT x86-64-v3; GC = Concurrent Workstation
Mean = 28.621 ns, StdErr = 0.183 ns (0.64%), N = 100, StdDev = 1.827 ns
Min = 24.529 ns, Q1 = 27.217 ns, Median = 29.186 ns, Q3 = 30.162 ns, Max = 31.414 ns
IQR = 2.946 ns, LowerFence = 22.798 ns, UpperFence = 34.581 ns
ConfidenceInterval = [28.001 ns; 29.240 ns] (CI 99.9%), Margin = 0.620 ns (2.17% of Mean)
Skewness = -0.54, Kurtosis = 2.18, MValue = 2.5
-------------------- Histogram --------------------
[24.012 ns ; 25.112 ns) | @@@@@
[25.112 ns ; 26.228 ns) | @@@@@@@
[26.228 ns ; 27.261 ns) | @@@@@@@@@@@@@@@
[27.261 ns ; 28.145 ns) | @@@@@@@@
[28.145 ns ; 29.252 ns) | @@@@@@@@@@@@@@@@
[29.252 ns ; 30.286 ns) | @@@@@@@@@@@@@@@@@@@@@@@@@@@@
[30.286 ns ; 31.931 ns) | @@@@@@@@@@@@@@@@@@@@@
---------------------------------------------------

ContentionBenchmarks.Bus_Publish: Job-CNUJVU(InvocationCount=1, UnrollFactor=1) [Writers=4]
Runtime = .NET 10.0.10 (10.0.10, 10.0.1026.32716), X64 RyuJIT x86-64-v3; GC = Concurrent Workstation
Mean = 76.264 ns, StdErr = 0.554 ns (0.73%), N = 98, StdDev = 5.484 ns
Min = 65.341 ns, Q1 = 72.497 ns, Median = 75.669 ns, Q3 = 79.694 ns, Max = 90.768 ns
IQR = 7.197 ns, LowerFence = 61.701 ns, UpperFence = 90.490 ns
ConfidenceInterval = [74.384 ns; 78.144 ns] (CI 99.9%), Margin = 1.880 ns (2.46% of Mean)
Skewness = 0.39, Kurtosis = 2.92, MValue = 2
-------------------- Histogram --------------------
[63.780 ns ; 66.408 ns) | @@
[66.408 ns ; 69.450 ns) | @@@@@@@
[69.450 ns ; 72.767 ns) | @@@@@@@@@@@@@@@@@
[72.767 ns ; 75.889 ns) | @@@@@@@@@@@@@@@@@@@@@@@@@
[75.889 ns ; 80.314 ns) | @@@@@@@@@@@@@@@@@@@@@@@@@@@
[80.314 ns ; 83.751 ns) | @@@@@@@@@@@@@
[83.751 ns ; 87.117 ns) | @@@
[87.117 ns ; 90.958 ns) | @@@@
---------------------------------------------------

ContentionBenchmarks.TagTable_Write: Job-CNUJVU(InvocationCount=1, UnrollFactor=1) [Writers=8]
Runtime = .NET 10.0.10 (10.0.10, 10.0.1026.32716), X64 RyuJIT x86-64-v3; GC = Concurrent Workstation
Mean = 26.831 ns, StdErr = 0.127 ns (0.47%), N = 17, StdDev = 0.524 ns
Min = 25.607 ns, Q1 = 26.599 ns, Median = 26.746 ns, Q3 = 27.220 ns, Max = 27.608 ns
IQR = 0.622 ns, LowerFence = 25.666 ns, UpperFence = 28.153 ns
ConfidenceInterval = [26.321 ns; 27.341 ns] (CI 99.9%), Margin = 0.510 ns (1.90% of Mean)
Skewness = -0.38, Kurtosis = 2.58, MValue = 2
-------------------- Histogram --------------------
[25.340 ns ; 25.875 ns) | @
[25.875 ns ; 26.816 ns) | @@@@@@@@@
[26.816 ns ; 27.622 ns) | @@@@@@@
---------------------------------------------------

ContentionBenchmarks.Bus_Publish: Job-CNUJVU(InvocationCount=1, UnrollFactor=1) [Writers=8]
Runtime = .NET 10.0.10 (10.0.10, 10.0.1026.32716), X64 RyuJIT x86-64-v3; GC = Concurrent Workstation
Mean = 116.689 ns, StdErr = 0.609 ns (0.52%), N = 23, StdDev = 2.920 ns
Min = 111.327 ns, Q1 = 114.645 ns, Median = 116.761 ns, Q3 = 118.556 ns, Max = 123.171 ns
IQR = 3.911 ns, LowerFence = 108.779 ns, UpperFence = 124.422 ns
ConfidenceInterval = [114.380 ns; 118.998 ns] (CI 99.9%), Margin = 2.309 ns (1.98% of Mean)
Skewness = 0.29, Kurtosis = 2.34, MValue = 2
-------------------- Histogram --------------------
[111.320 ns ; 114.408 ns) | @@@@@
[114.408 ns ; 117.104 ns) | @@@@@@@@@
[117.104 ns ; 121.020 ns) | @@@@@@@@
[121.020 ns ; 124.519 ns) | @
---------------------------------------------------

// * Summary *

BenchmarkDotNet v0.15.8, Windows 11 (10.0.26200.8655/25H2/2025Update/HudsonValley2)
AMD Ryzen 5 5600G with Radeon Graphics 3.90GHz, 1 CPU, 12 logical and 6 physical cores
.NET SDK 10.0.302
  [Host]     : .NET 10.0.10 (10.0.10, 10.0.1026.32716), X64 RyuJIT x86-64-v3
  Job-CNUJVU : .NET 10.0.10 (10.0.10, 10.0.1026.32716), X64 RyuJIT x86-64-v3

InvocationCount=1  UnrollFactor=1  

| Method         | Writers | Mean      | Error    | StdDev   | Median    | Ratio | RatioSD | Allocated | Alloc Ratio |
|--------------- |-------- |----------:|---------:|---------:|----------:|------:|--------:|----------:|------------:|
| TagTable_Write | 4       |  28.62 ns | 0.620 ns | 1.827 ns |  29.19 ns |  1.00 |    0.09 |         - |          NA |
| Bus_Publish    | 4       |  76.26 ns | 1.880 ns | 5.484 ns |  75.67 ns |  2.68 |    0.26 |       4 B |          NA |
|                |         |           |          |          |           |       |         |           |             |
| TagTable_Write | 8       |  26.83 ns | 0.510 ns | 0.524 ns |  26.75 ns |  1.00 |    0.03 |         - |          NA |
| Bus_Publish    | 8       | 116.69 ns | 2.309 ns | 2.920 ns | 116.76 ns |  4.35 |    0.14 |       4 B |          NA |

// * Warnings *
MinIterationTime
  ContentionBenchmarks.TagTable_Write: InvocationCount=1, UnrollFactor=1 -> The minimum observed iteration time is 49.057ms which is very small. It's recommended to increase it to at least 100ms using more operations.
  ContentionBenchmarks.TagTable_Write: InvocationCount=1, UnrollFactor=1 -> The minimum observed iteration time is 51.215ms which is very small. It's recommended to increase it to at least 100ms using more operations.

// * Hints *
Outliers
  ContentionBenchmarks.Bus_Publish: InvocationCount=1, UnrollFactor=1    -> 2 outliers were removed (91.53 ns, 92.14 ns)
  ContentionBenchmarks.TagTable_Write: InvocationCount=1, UnrollFactor=1 -> 1 outlier  was  detected (25.61 ns)

// * Legends *
  Writers     : Value of the 'Writers' parameter
  Mean        : Arithmetic mean of all measurements
  Error       : Half of 99.9% confidence interval
  StdDev      : Standard deviation of all measurements
  Median      : Value separating the higher half of all measurements (50th percentile)
  Ratio       : Mean of the ratio distribution ([Current]/[Baseline])
  RatioSD     : Standard deviation of the ratio distribution ([Current]/[Baseline])
  Allocated   : Allocated memory per single operation (managed only, inclusive, 1KB = 1024B)
  Alloc Ratio : Allocated memory ratio distribution ([Current]/[Baseline])
  1 ns        : 1 Nanosecond (0.000000001 sec)

// * Diagnostic Output - MemoryDiagnoser *


// ***** BenchmarkRunner: End *****
Run time: 00:00:35 (35.41 sec), executed benchmarks: 4

Global total time: 00:00:48 (48.45 sec), executed benchmarks: 4
// * Artifacts cleanup *
Artifacts cleanup is finished
